******************************************************************************
             TMS320C2000 Linker PC v21.6.0                     
******************************************************************************
>> Linked Tue Jul 19 15:55:56 2022

OUTPUT FILE NAME:   <Example_2806xLaunchPad.out>
ENTRY POINT SYMBOL: "_c_int00"  address: 003f4faa


MEMORY CONFIGURATION

         name            origin    length      used     unused   attr    fill
----------------------  --------  ---------  --------  --------  ----  --------
PAGE 0:
  RAML0                 00008000   00000800  00000004  000007fc  RWIX
  RAML1                 00008800   00000400  00000000  00000400  RWIX
  OTP                   003d7800   00000400  00000000  00000400  RWIX
  FLASHH                003d8000   00004000  00000000  00004000  RWIX
  FLASHG                003dc000   00004000  00000000  00004000  RWIX
  FLASHF                003e0000   00004000  00000000  00004000  RWIX
  FLASHE                003e4000   00004000  00000000  00004000  RWIX
  FLASHD                003e8000   00004000  00000004  00003ffc  RWIX
  FLASHC                003ec000   00004000  00000000  00004000  RWIX
  FLASHA                003f4000   00003f80  00001211  00002d6f  RWIX
  CSM_RSVD              003f7f80   00000076  00000000  00000076  RWIX
  BEGIN                 003f7ff6   00000002  00000002  00000000  RWIX
  CSM_PWL_P0            003f7ff8   00000008  00000000  00000008  RWIX
  FPUTABLES             003fd590   000006a0  00000000  000006a0  RWIX
  IQTABLES              003fdf00   00000b50  00000000  00000b50  RWIX
  IQTABLES2             003fea50   0000008c  00000000  0000008c  RWIX
  IQTABLES3             003feadc   000000aa  00000000  000000aa  RWIX
  ROM                   003ff3b0   00000c10  00000000  00000c10  RWIX
  RESET                 003fffc0   00000002  00000000  00000002  RWIX
  VECTORS               003fffc2   0000003e  00000000  0000003e  RWIX

PAGE 1:
  BOOT_RSVD             00000000   00000050  00000000  00000050  RWIX
  RAMM0                 00000050   000003b0  00000200  000001b0  RWIX
  RAMM1                 00000400   00000400  00000000  00000400  RWIX
  DEV_EMU               00000880   00000105  00000004  00000101  RWIX
  SYS_PWR_CTL           00000985   00000003  00000003  00000000  RWIX
  FLASH_REGS            00000a80   00000060  00000008  00000058  RWIX
  CSM                   00000ae0   00000020  00000010  00000010  RWIX
  ADC_RESULT            00000b00   00000020  00000010  00000010  RWIX
  CPU_TIMER0            00000c00   00000008  00000008  00000000  RWIX
  CPU_TIMER1            00000c08   00000008  00000008  00000000  RWIX
  CPU_TIMER2            00000c10   00000008  00000008  00000000  RWIX
  PIE_CTRL              00000ce0   00000020  0000001a  00000006  RWIX
  PIE_VECT              00000d00   00000100  00000100  00000000  RWIX
  DMA                   00001000   00000200  000000e0  00000120  RWIX
  CLA1                  00001400   00000080  00000040  00000040  RWIX
  USB0                  00004000   00001000  00000454  00000bac  RWIX
  McBSPA                00005000   00000040  00000024  0000001c  RWIX
  ECANA                 00006000   00000040  00000034  0000000c  RWIX
  ECANA_LAM             00006040   00000040  00000040  00000000  RWIX
  ECANA_MOTS            00006080   00000040  00000040  00000000  RWIX
  ECANA_MOTO            000060c0   00000040  00000040  00000000  RWIX
  ECANA_MBOX            00006100   00000100  00000100  00000000  RWIX
  COMP1                 00006400   00000020  00000014  0000000c  RWIX
  COMP2                 00006420   00000020  00000014  0000000c  RWIX
  COMP3                 00006440   00000020  00000014  0000000c  RWIX
  EPWM1                 00006800   00000040  00000040  00000000  RWIX
  EPWM2                 00006840   00000040  00000040  00000000  RWIX
  EPWM3                 00006880   00000040  00000040  00000000  RWIX
  EPWM4                 000068c0   00000040  00000040  00000000  RWIX
  EPWM5                 00006900   00000040  00000040  00000000  RWIX
  EPWM6                 00006940   00000040  00000040  00000000  RWIX
  EPWM7                 00006980   00000040  00000040  00000000  RWIX
  EPWM8                 000069c0   00000040  00000040  00000000  RWIX
  ECAP1                 00006a00   00000020  00000020  00000000  RWIX
  ECAP2                 00006a20   00000020  00000020  00000000  RWIX
  ECAP3                 00006a40   00000020  00000020  00000000  RWIX
  HRCAP1                00006ac0   00000020  00000020  00000000  RWIX
  HRCAP2                00006ae0   00000020  00000020  00000000  RWIX
  EQEP1                 00006b00   00000040  00000022  0000001e  RWIX
  EQEP2                 00006b40   00000040  00000022  0000001e  RWIX
  HRCAP3                00006c80   00000020  00000020  00000000  RWIX
  HRCAP4                00006ca0   00000020  00000020  00000000  RWIX
  GPIOCTRL              00006f80   00000040  00000040  00000000  RWIX
  GPIODAT               00006fc0   00000020  00000020  00000000  RWIX
  GPIOINT               00006fe0   00000020  00000020  00000000  RWIX
  SYSTEM                00007010   00000030  00000030  00000000  RWIX
  SPIA                  00007040   00000010  00000010  00000000  RWIX
  SCIA                  00007050   00000010  00000010  00000000  RWIX
  NMIINTRUPT            00007060   00000010  00000010  00000000  RWIX
  XINTRUPT              00007070   00000010  00000010  00000000  RWIX
  ADC                   00007100   00000080  00000050  00000030  RWIX
  SPIB                  00007740   00000010  00000010  00000000  RWIX
  SCIB                  00007750   00000010  00000010  00000000  RWIX
  I2CA                  00007900   00000040  00000022  0000001e  RWIX
  RAML2                 00008c00   00000400  00000000  00000400  RWIX
  RAML3                 00009000   00001000  00000000  00001000  RWIX
  RAML4                 0000a000   00002000  00000158  00001ea8  RWIX
  RAML5                 0000c000   00002000  00000000  00002000  RWIX
  RAML6                 0000e000   00002000  00000000  00002000  RWIX
  RAML7                 00010000   00002000  00000000  00002000  RWIX
  RAML8                 00012000   00002000  00000000  00002000  RWIX
  USB_RAM               00040000   00000800  00000000  00000800  RWIX
  PARTID                003d7e80   00000001  00000001  00000000  RWIX
  FLASHB                003f0000   00004000  00000000  00004000  RWIX
  CSM_PWL               003f7ff8   00000008  00000008  00000000  RWIX


SECTION ALLOCATION MAP

 output                                  attributes/
section   page    origin      length       input sections
--------  ----  ----------  ----------   ----------------
.cinit     0    003f51de    00000033     
                  003f51de    00000019     wj_proj.obj (.cinit)
                  003f51f7    0000000e     rts2800_fpu32.lib : exit.c.obj (.cinit)
                  003f5205    00000005                       : _lock.c.obj (.cinit:__lock)
                  003f520a    00000005                       : _lock.c.obj (.cinit:__unlock)
                  003f520f    00000002     --HOLE-- [fill = 0]

.pinit     0    003f4000    00000000     UNINITIALIZED

ramfuncs   0    003e8000    00000004     RUN ADDR = 00008000
                  003e8000    00000004     F2806x_usDelay.obj (ramfuncs)

.text      0    003f4000    000010de     
                  003f4000    00000544     wj_proj.obj (.text)
                  003f4544    0000039b     F2806x_DefaultIsr.obj (.text:retain)
                  003f48df    0000031d     wj_proj.obj (.text:retain)
                  003f4bfc    00000192     F2806x_SysCtrl.obj (.text)
                  003f4d8e    000000d8     F2806x_EPwm.obj (.text)
                  003f4e66    00000088     rts2800_fpu32.lib : fs_div28.asm.obj (.text)
                  003f4eee    00000063                       : s_cosf.c.obj (.text)
                  003f4f51    00000059                       : s_sinf.c.obj (.text)
                  003f4faa    00000056                       : boot28.asm.obj (.text)
                  003f5000    00000029                       : exit.c.obj (.text)
                  003f5029    00000028     F2806x_PieCtrl.obj (.text)
                  003f5051    00000026     F2806x_PieVect.obj (.text)
                  003f5077    00000024     rts2800_fpu32.lib : cpy_tbl.c.obj (.text)
                  003f509b    0000001d                       : memcpy.c.obj (.text)
                  003f50b8    00000012                       : args_main.c.obj (.text)
                  003f50ca    00000009                       : _lock.c.obj (.text)
                  003f50d3    00000008     F2806x_CodeStartBranch.obj (.text)
                  003f50db    00000002     rts2800_fpu32.lib : pre_init.c.obj (.text)
                  003f50dd    00000001                       : startup.c.obj (.text)

codestart 
*          0    003f7ff6    00000002     
                  003f7ff6    00000002     F2806x_CodeStartBranch.obj (codestart)

.stack     1    00000050    00000200     UNINITIALIZED
                  00000050    00000200     --HOLE--

.ebss      1    0000a000    00000158     UNINITIALIZED
                  0000a000    0000012e     wj_proj.obj (.ebss)
                  0000a12e    00000006     rts2800_fpu32.lib : exit.c.obj (.ebss)
                  0000a134    00000004     wj_proj.obj (.ebss:_u)
                  0000a138    00000002     rts2800_fpu32.lib : _lock.c.obj (.ebss:__lock)
                  0000a13a    00000002                       : _lock.c.obj (.ebss:__unlock)
                  0000a13c    00000004     --HOLE--
                  0000a140    00000018     F2806x_CpuTimers.obj (.ebss)

.econst    0    003f50de    00000100     
                  003f50de    00000100     F2806x_PieVect.obj (.econst:_PieVectTableInit)

.reset     0    003fffc0    00000002     DSECT
                  003fffc0    00000002     rts2800_fpu32.lib : boot28.asm.obj (.reset)

vectors    0    003fffc2    00000000     DSECT

DevEmuRegsFile 
*          1    00000880    00000004     UNINITIALIZED
                  00000880    00000004     F2806x_GlobalVariableDefs.obj (DevEmuRegsFile)

SysPwrCtrlRegsFile 
*          1    00000985    00000003     UNINITIALIZED
                  00000985    00000003     F2806x_GlobalVariableDefs.obj (SysPwrCtrlRegsFile)

FlashRegsFile 
*          1    00000a80    00000008     UNINITIALIZED
                  00000a80    00000008     F2806x_GlobalVariableDefs.obj (FlashRegsFile)

CsmRegsFile 
*          1    00000ae0    00000010     UNINITIALIZED
                  00000ae0    00000010     F2806x_GlobalVariableDefs.obj (CsmRegsFile)

AdcResultFile 
*          1    00000b00    00000010     UNINITIALIZED
                  00000b00    00000010     F2806x_GlobalVariableDefs.obj (AdcResultFile)

CpuTimer0RegsFile 
*          1    00000c00    00000008     UNINITIALIZED
                  00000c00    00000008     F2806x_GlobalVariableDefs.obj (CpuTimer0RegsFile)

CpuTimer1RegsFile 
*          1    00000c08    00000008     UNINITIALIZED
                  00000c08    00000008     F2806x_GlobalVariableDefs.obj (CpuTimer1RegsFile)

CpuTimer2RegsFile 
*          1    00000c10    00000008     UNINITIALIZED
                  00000c10    00000008     F2806x_GlobalVariableDefs.obj (CpuTimer2RegsFile)

PieCtrlRegsFile 
*          1    00000ce0    0000001a     UNINITIALIZED
                  00000ce0    0000001a     F2806x_GlobalVariableDefs.obj (PieCtrlRegsFile)

PieVectTableFile 
*          1    00000d00    00000100     UNINITIALIZED
                  00000d00    00000100     F2806x_GlobalVariableDefs.obj (PieVectTableFile)

EmuKeyVar 
*          1    00000d00    00000001     UNINITIALIZED
                  00000d00    00000001     F2806x_GlobalVariableDefs.obj (EmuKeyVar)

EmuBModeVar 
*          1    00000d01    00000001     UNINITIALIZED
                  00000d01    00000001     F2806x_GlobalVariableDefs.obj (EmuBModeVar)

FlashCallbackVar 
*          1    00000d02    00000002     UNINITIALIZED
                  00000d02    00000002     F2806x_GlobalVariableDefs.obj (FlashCallbackVar)

FlashScalingVar 
*          1    00000d04    00000002     UNINITIALIZED
                  00000d04    00000002     F2806x_GlobalVariableDefs.obj (FlashScalingVar)

DmaRegsFile 
*          1    00001000    000000e0     UNINITIALIZED
                  00001000    000000e0     F2806x_GlobalVariableDefs.obj (DmaRegsFile)

Cla1RegsFile 
*          1    00001400    00000040     UNINITIALIZED
                  00001400    00000040     F2806x_GlobalVariableDefs.obj (Cla1RegsFile)

Usb0RegsFile 
*          1    00004000    00000454     UNINITIALIZED
                  00004000    00000454     F2806x_GlobalVariableDefs.obj (Usb0RegsFile)

McbspaRegsFile 
*          1    00005000    00000024     UNINITIALIZED
                  00005000    00000024     F2806x_GlobalVariableDefs.obj (McbspaRegsFile)

ECanaRegsFile 
*          1    00006000    00000034     UNINITIALIZED
                  00006000    00000034     F2806x_GlobalVariableDefs.obj (ECanaRegsFile)

ECanaLAMRegsFile 
*          1    00006040    00000040     UNINITIALIZED
                  00006040    00000040     F2806x_GlobalVariableDefs.obj (ECanaLAMRegsFile)

ECanaMOTSRegsFile 
*          1    00006080    00000040     UNINITIALIZED
                  00006080    00000040     F2806x_GlobalVariableDefs.obj (ECanaMOTSRegsFile)

ECanaMOTORegsFile 
*          1    000060c0    00000040     UNINITIALIZED
                  000060c0    00000040     F2806x_GlobalVariableDefs.obj (ECanaMOTORegsFile)

ECanaMboxesFile 
*          1    00006100    00000100     UNINITIALIZED
                  00006100    00000100     F2806x_GlobalVariableDefs.obj (ECanaMboxesFile)

Comp1RegsFile 
*          1    00006400    00000014     UNINITIALIZED
                  00006400    00000014     F2806x_GlobalVariableDefs.obj (Comp1RegsFile)

Comp2RegsFile 
*          1    00006420    00000014     UNINITIALIZED
                  00006420    00000014     F2806x_GlobalVariableDefs.obj (Comp2RegsFile)

Comp3RegsFile 
*          1    00006440    00000014     UNINITIALIZED
                  00006440    00000014     F2806x_GlobalVariableDefs.obj (Comp3RegsFile)

EPwm1RegsFile 
*          1    00006800    00000040     UNINITIALIZED
                  00006800    00000040     F2806x_GlobalVariableDefs.obj (EPwm1RegsFile)

EPwm2RegsFile 
*          1    00006840    00000040     UNINITIALIZED
                  00006840    00000040     F2806x_GlobalVariableDefs.obj (EPwm2RegsFile)

EPwm3RegsFile 
*          1    00006880    00000040     UNINITIALIZED
                  00006880    00000040     F2806x_GlobalVariableDefs.obj (EPwm3RegsFile)

EPwm4RegsFile 
*          1    000068c0    00000040     UNINITIALIZED
                  000068c0    00000040     F2806x_GlobalVariableDefs.obj (EPwm4RegsFile)

EPwm5RegsFile 
*          1    00006900    00000040     UNINITIALIZED
                  00006900    00000040     F2806x_GlobalVariableDefs.obj (EPwm5RegsFile)

EPwm6RegsFile 
*          1    00006940    00000040     UNINITIALIZED
                  00006940    00000040     F2806x_GlobalVariableDefs.obj (EPwm6RegsFile)

EPwm7RegsFile 
*          1    00006980    00000040     UNINITIALIZED
                  00006980    00000040     F2806x_GlobalVariableDefs.obj (EPwm7RegsFile)

EPwm8RegsFile 
*          1    000069c0    00000040     UNINITIALIZED
                  000069c0    00000040     F2806x_GlobalVariableDefs.obj (EPwm8RegsFile)

ECap1RegsFile 
*          1    00006a00    00000020     UNINITIALIZED
                  00006a00    00000020     F2806x_GlobalVariableDefs.obj (ECap1RegsFile)

ECap2RegsFile 
*          1    00006a20    00000020     UNINITIALIZED
                  00006a20    00000020     F2806x_GlobalVariableDefs.obj (ECap2RegsFile)

ECap3RegsFile 
*          1    00006a40    00000020     UNINITIALIZED
                  00006a40    00000020     F2806x_GlobalVariableDefs.obj (ECap3RegsFile)

HRCap1RegsFile 
*          1    00006ac0    00000020     UNINITIALIZED
                  00006ac0    00000020     F2806x_GlobalVariableDefs.obj (HRCap1RegsFile)

HRCap2RegsFile 
*          1    00006ae0    00000020     UNINITIALIZED
                  00006ae0    00000020     F2806x_GlobalVariableDefs.obj (HRCap2RegsFile)

EQep1RegsFile 
*          1    00006b00    00000022     UNINITIALIZED
                  00006b00    00000022     F2806x_GlobalVariableDefs.obj (EQep1RegsFile)

EQep2RegsFile 
*          1    00006b40    00000022     UNINITIALIZED
                  00006b40    00000022     F2806x_GlobalVariableDefs.obj (EQep2RegsFile)

HRCap3RegsFile 
*          1    00006c80    00000020     UNINITIALIZED
                  00006c80    00000020     F2806x_GlobalVariableDefs.obj (HRCap3RegsFile)

HRCap4RegsFile 
*          1    00006ca0    00000020     UNINITIALIZED
                  00006ca0    00000020     F2806x_GlobalVariableDefs.obj (HRCap4RegsFile)

GpioCtrlRegsFile 
*          1    00006f80    00000040     UNINITIALIZED
                  00006f80    00000040     F2806x_GlobalVariableDefs.obj (GpioCtrlRegsFile)

GpioDataRegsFile 
*          1    00006fc0    00000020     UNINITIALIZED
                  00006fc0    00000020     F2806x_GlobalVariableDefs.obj (GpioDataRegsFile)

GpioIntRegsFile 
*          1    00006fe0    00000020     UNINITIALIZED
                  00006fe0    00000020     F2806x_GlobalVariableDefs.obj (GpioIntRegsFile)

SysCtrlRegsFile 
*          1    00007010    00000030     UNINITIALIZED
                  00007010    00000030     F2806x_GlobalVariableDefs.obj (SysCtrlRegsFile)

SpiaRegsFile 
*          1    00007040    00000010     UNINITIALIZED
                  00007040    00000010     F2806x_GlobalVariableDefs.obj (SpiaRegsFile)

SciaRegsFile 
*          1    00007050    00000010     UNINITIALIZED
                  00007050    00000010     F2806x_GlobalVariableDefs.obj (SciaRegsFile)

NmiIntruptRegsFile 
*          1    00007060    00000010     UNINITIALIZED
                  00007060    00000010     F2806x_GlobalVariableDefs.obj (NmiIntruptRegsFile)

XIntruptRegsFile 
*          1    00007070    00000010     UNINITIALIZED
                  00007070    00000010     F2806x_GlobalVariableDefs.obj (XIntruptRegsFile)

AdcRegsFile 
*          1    00007100    00000050     UNINITIALIZED
                  00007100    00000050     F2806x_GlobalVariableDefs.obj (AdcRegsFile)

SpibRegsFile 
*          1    00007740    00000010     UNINITIALIZED
                  00007740    00000010     F2806x_GlobalVariableDefs.obj (SpibRegsFile)

ScibRegsFile 
*          1    00007750    00000010     UNINITIALIZED
                  00007750    00000010     F2806x_GlobalVariableDefs.obj (ScibRegsFile)

I2caRegsFile 
*          1    00007900    00000022     UNINITIALIZED
                  00007900    00000022     F2806x_GlobalVariableDefs.obj (I2caRegsFile)

PartIdRegsFile 
*          1    003d7e80    00000001     UNINITIALIZED
                  003d7e80    00000001     F2806x_GlobalVariableDefs.obj (PartIdRegsFile)

CsmPwlFile 
*          1    003f7ff8    00000008     UNINITIALIZED
                  003f7ff8    00000008     F2806x_GlobalVariableDefs.obj (CsmPwlFile)

MODULE SUMMARY

       Module                          code   initialized data   uninitialized data
       ------                          ----   ----------------   ------------------
    .\
       F2806x_GlobalVariableDefs.obj   0      0                  3550              
       wj_proj.obj                     2145   25                 306               
       F2806x_DefaultIsr.obj           923    0                  0                 
       F2806x_SysCtrl.obj              402    0                  0                 
       F2806x_PieVect.obj              38     256                0                 
       F2806x_EPwm.obj                 216    0                  0                 
       F2806x_PieCtrl.obj              40     0                  0                 
       F2806x_CpuTimers.obj            0      0                  24                
       F2806x_CodeStartBranch.obj      10     0                  0                 
       F2806x_usDelay.obj              8      0                  0                 
    +--+-------------------------------+------+------------------+--------------------+
       Total:                          3782   281                3880              
                                                                                   
    C:/ti/ccs1110/ccs/tools/compiler/ti-cgt-c2000_21.6.0.LTS/lib/rts2800_fpu32.lib
       fs_div28.asm.obj                136    0                  0                 
       s_cosf.c.obj                    99     0                  0                 
       s_sinf.c.obj                    89     0                  0                 
       boot28.asm.obj                  86     0                  0                 
       exit.c.obj                      41     14                 6                 
       cpy_tbl.c.obj                   36     0                  0                 
       memcpy.c.obj                    29     0                  0                 
       _lock.c.obj                     9      10                 4                 
       args_main.c.obj                 18     0                  0                 
       pre_init.c.obj                  2      0                  0                 
       startup.c.obj                   1      0                  0                 
    +--+-------------------------------+------+------------------+--------------------+
       Total:                          546    24                 10                
                                                                                   
       Stack:                          0      0                  512               
    +--+-------------------------------+------+------------------+--------------------+
       Grand Total:                    4328   305                4402              


GLOBAL DATA SYMBOLS: SORTED BY DATA PAGE

address     data page           name
--------    ----------------    ----
00000050       1 (00000040)     __stack

00000880      22 (00000880)     _DevEmuRegs

00000985      26 (00000980)     _SysPwrCtrlRegs

00000a80      2a (00000a80)     _FlashRegs

00000ae0      2b (00000ac0)     _CsmRegs

00000b00      2c (00000b00)     _AdcResult

00000c00      30 (00000c00)     _CpuTimer0Regs
00000c08      30 (00000c00)     _CpuTimer1Regs
00000c10      30 (00000c00)     _CpuTimer2Regs

00000ce0      33 (00000cc0)     _PieCtrlRegs

00000d00      34 (00000d00)     _EmuKey
00000d00      34 (00000d00)     _PieVectTable
00000d01      34 (00000d00)     _EmuBMode
00000d02      34 (00000d00)     _Flash_CallbackPtr
00000d04      34 (00000d00)     _Flash_CPUScaleFactor

00001000      40 (00001000)     _DmaRegs

00001400      50 (00001400)     _Cla1Regs

00004000     100 (00004000)     _Usb0Regs

00005000     140 (00005000)     _McbspaRegs

00006000     180 (00006000)     _ECanaRegs

00006040     181 (00006040)     _ECanaLAMRegs

00006080     182 (00006080)     _ECanaMOTSRegs

000060c0     183 (000060c0)     _ECanaMOTORegs

00006100     184 (00006100)     _ECanaMboxes

00006400     190 (00006400)     _Comp1Regs
00006420     190 (00006400)     _Comp2Regs

00006440     191 (00006440)     _Comp3Regs

00006800     1a0 (00006800)     _EPwm1Regs

00006840     1a1 (00006840)     _EPwm2Regs

00006880     1a2 (00006880)     _EPwm3Regs

000068c0     1a3 (000068c0)     _EPwm4Regs

00006900     1a4 (00006900)     _EPwm5Regs

00006940     1a5 (00006940)     _EPwm6Regs

00006980     1a6 (00006980)     _EPwm7Regs

000069c0     1a7 (000069c0)     _EPwm8Regs

00006a00     1a8 (00006a00)     _ECap1Regs
00006a20     1a8 (00006a00)     _ECap2Regs

00006a40     1a9 (00006a40)     _ECap3Regs

00006ac0     1ab (00006ac0)     _HRCap1Regs
00006ae0     1ab (00006ac0)     _HRCap2Regs

00006b00     1ac (00006b00)     _EQep1Regs

00006b40     1ad (00006b40)     _EQep2Regs

00006c80     1b2 (00006c80)     _HRCap3Regs
00006ca0     1b2 (00006c80)     _HRCap4Regs

00006f80     1be (00006f80)     _GpioCtrlRegs

00006fc0     1bf (00006fc0)     _GpioDataRegs
00006fe0     1bf (00006fc0)     _GpioIntRegs

00007010     1c0 (00007000)     _SysCtrlRegs

00007040     1c1 (00007040)     _SpiaRegs
00007050     1c1 (00007040)     _SciaRegs
00007060     1c1 (00007040)     _NmiIntruptRegs
00007070     1c1 (00007040)     _XIntruptRegs

00007100     1c4 (00007100)     _AdcRegs

00007740     1dd (00007740)     _SpibRegs
00007750     1dd (00007740)     _ScibRegs

00007900     1e4 (00007900)     _I2caRegs

0000a000     280 (0000a000)     _w
0000a001     280 (0000a000)     _switch_1
0000a002     280 (0000a000)     _cnt
0000a003     280 (0000a000)     _sector
0000a004     280 (0000a000)     _N
0000a005     280 (0000a000)     _count
0000a006     280 (0000a000)     _Hallstate
0000a007     280 (0000a000)     _init_hallflag
0000a008     280 (0000a000)     _init_hall_cnt
0000a009     280 (0000a000)     _Hall_flag
0000a00a     280 (0000a000)     _Hall_flag2
0000a00b     280 (0000a000)     _delay_flag
0000a00c     280 (0000a000)     _delay_flag2
0000a00d     280 (0000a000)     _delay_flag3
0000a00e     280 (0000a000)     _speed_control_cnt
0000a00f     280 (0000a000)     _speed_cnt
0000a010     280 (0000a000)     _theta_cnt
0000a011     280 (0000a000)     _rad_flag
0000a012     280 (0000a000)     _ref
0000a014     280 (0000a000)     _ref2
0000a016     280 (0000a000)     _fun_amp
0000a018     280 (0000a000)     _Wq
0000a01a     280 (0000a000)     _Wsq
0000a01c     280 (0000a000)     _Wc
0000a01e     280 (0000a000)     _Ts
0000a020     280 (0000a000)     _a_gain
0000a022     280 (0000a000)     _c_gain
0000a024     280 (0000a000)     _ADCINTvalue
0000a026     280 (0000a000)     _ADCOUTvalue
0000a028     280 (0000a000)     _i_a
0000a02a     280 (0000a000)     _i_b
0000a02c     280 (0000a000)     _i_c
0000a02e     280 (0000a000)     _adc_ia
0000a030     280 (0000a000)     _adc_ib
0000a032     280 (0000a000)     _adc_ic
0000a034     280 (0000a000)     _adcout_ia
0000a036     280 (0000a000)     _adcout_ib
0000a038     280 (0000a000)     _adcout_ic
0000a03a     280 (0000a000)     _iv_gain
0000a03c     280 (0000a000)     _i_q
0000a03e     280 (0000a000)     _i_qq

0000a040     281 (0000a040)     _error_q
0000a042     281 (0000a040)     _error_d
0000a044     281 (0000a040)     _error_pre
0000a046     281 (0000a040)     _error_sum
0000a048     281 (0000a040)     _error_sum2
0000a04a     281 (0000a040)     _error_s
0000a04c     281 (0000a040)     _error_s_sum
0000a04e     281 (0000a040)     _Kv
0000a050     281 (0000a040)     _Kp
0000a052     281 (0000a040)     _Ki
0000a054     281 (0000a040)     _Kp_s
0000a056     281 (0000a040)     _Ki_s
0000a058     281 (0000a040)     _T
0000a05a     281 (0000a040)     _Umax
0000a05c     281 (0000a040)     _Umin
0000a05e     281 (0000a040)     _p_control
0000a060     281 (0000a040)     _i_control
0000a062     281 (0000a040)     _q_control
0000a064     281 (0000a040)     _Ta
0000a066     281 (0000a040)     _Tb
0000a068     281 (0000a040)     _Tc
0000a06a     281 (0000a040)     _F
0000a06c     281 (0000a040)     _va
0000a06e     281 (0000a040)     _vb
0000a070     281 (0000a040)     _i
0000a072     281 (0000a040)     _j
0000a074     281 (0000a040)     _k
0000a076     281 (0000a040)     _ccc
0000a078     281 (0000a040)     _co_in
0000a07a     281 (0000a040)     _rad_f
0000a07c     281 (0000a040)     _rad_t
0000a07e     281 (0000a040)     _rad

0000a080     282 (0000a080)     _input_d
0000a082     282 (0000a080)     _input_q
0000a084     282 (0000a080)     _angle
0000a086     282 (0000a080)     _angle2
0000a088     282 (0000a080)     _input_fun
0000a08a     282 (0000a080)     _theta
0000a08c     282 (0000a080)     _theta_in
0000a08e     282 (0000a080)     _f
0000a090     282 (0000a080)     _co
0000a092     282 (0000a080)     _si
0000a094     282 (0000a080)     _Fa
0000a096     282 (0000a080)     _Fb
0000a098     282 (0000a080)     _inv_alpha
0000a09a     282 (0000a080)     _alpha
0000a09c     282 (0000a080)     _inv_beta
0000a09e     282 (0000a080)     _beta
0000a0a0     282 (0000a080)     _out_d
0000a0a2     282 (0000a080)     _out_q
0000a0a4     282 (0000a080)     _d_a
0000a0a6     282 (0000a080)     _d_b
0000a0a8     282 (0000a080)     _d_c
0000a0aa     282 (0000a080)     _dout
0000a0ac     282 (0000a080)     _qout
0000a0ae     282 (0000a080)     _in_d
0000a0b0     282 (0000a080)     _in_q
0000a0b2     282 (0000a080)     _in_d1
0000a0b4     282 (0000a080)     _in_q1
0000a0b6     282 (0000a080)     _out_alpha
0000a0b8     282 (0000a080)     _out_beta
0000a0ba     282 (0000a080)     _out_a
0000a0bc     282 (0000a080)     _out_b
0000a0be     282 (0000a080)     _out_c

0000a0c0     283 (0000a0c0)     _i_alpha
0000a0c2     283 (0000a0c0)     _i_beta
0000a0c4     283 (0000a0c0)     _i_dd
0000a0c6     283 (0000a0c0)     _vdc
0000a0c8     283 (0000a0c0)     _tts
0000a0ca     283 (0000a0c0)     _Hallstatecnt
0000a0cc     283 (0000a0c0)     _Hallcnt
0000a0ce     283 (0000a0c0)     _Hallcnt2
0000a0d0     283 (0000a0c0)     _Hallcnt3
0000a0d2     283 (0000a0c0)     _speed_hall
0000a0d4     283 (0000a0c0)     _speed_hall2
0000a0d6     283 (0000a0c0)     _speed_hall3
0000a0d8     283 (0000a0c0)     _med_speed
0000a0da     283 (0000a0c0)     _u_q
0000a0dc     283 (0000a0c0)     _offset_speed
0000a0de     283 (0000a0c0)     _max_rad
0000a0e0     283 (0000a0c0)     _Kv_i
0000a0e2     283 (0000a0c0)     _comp_speed
0000a0e4     283 (0000a0c0)     _alpha_gain1
0000a0e6     283 (0000a0c0)     _alpha_gain2
0000a0e8     283 (0000a0c0)     _out_speed
0000a0ea     283 (0000a0c0)     _pre_speed
0000a0ec     283 (0000a0c0)     _UUmin
0000a0ee     283 (0000a0c0)     _i_d
0000a0f0     283 (0000a0c0)     _clarke

0000a100     284 (0000a100)     _ipark
0000a10e     284 (0000a100)     _park
0000a11c     284 (0000a100)     _svgen
0000a12e     284 (0000a100)     ___TI_enable_exit_profile_output
0000a130     284 (0000a100)     ___TI_cleanup_ptr
0000a132     284 (0000a100)     ___TI_dtors_ptr
0000a134     284 (0000a100)     _u
0000a138     284 (0000a100)     __lock
0000a13a     284 (0000a100)     __unlock

0000a140     285 (0000a140)     _CpuTimer0
0000a148     285 (0000a140)     _CpuTimer1
0000a150     285 (0000a140)     _CpuTimer2

003d7e80    f5fa (003d7e80)     _PartIdRegs

003f50de    fd43 (003f50c0)     _PieVectTableInit

003f7ff8    fdff (003f7fc0)     _CsmPwl


GLOBAL SYMBOLS: SORTED ALPHABETICALLY BY Name 

page  address   name                            
----  -------   ----                            
0     003f4000  .text                           
0     003f5000  C$$EXIT                         
0     003f4e66  FS$$DIV                         
0     003f4602  _ADCINT1_ISR                    
0     003f460c  _ADCINT2_ISR                    
0     003f4814  _ADCINT3_ISR                    
0     003f481e  _ADCINT4_ISR                    
0     003f4828  _ADCINT5_ISR                    
0     003f4832  _ADCINT6_ISR                    
0     003f483c  _ADCINT7_ISR                    
0     003f4846  _ADCINT8_ISR                    
0     003f462a  _ADCINT9_ISR                    
1     0000a024  _ADCINTvalue                    
1     0000a026  _ADCOUTvalue                    
1     00007100  _AdcRegs                        
1     00000b00  _AdcResult                      
0     003f4850  _CLA1_INT1_ISR                  
0     003f485a  _CLA1_INT2_ISR                  
0     003f4864  _CLA1_INT3_ISR                  
0     003f486e  _CLA1_INT4_ISR                  
0     003f4878  _CLA1_INT5_ISR                  
0     003f4882  _CLA1_INT6_ISR                  
0     003f488c  _CLA1_INT7_ISR                  
0     003f4896  _CLA1_INT8_ISR                  
1     00001400  _Cla1Regs                       
1     00006400  _Comp1Regs                      
1     00006420  _Comp2Regs                      
1     00006440  _Comp3Regs                      
1     0000a140  _CpuTimer0                      
1     00000c00  _CpuTimer0Regs                  
1     0000a148  _CpuTimer1                      
1     00000c08  _CpuTimer1Regs                  
1     0000a150  _CpuTimer2                      
1     00000c10  _CpuTimer2Regs                  
1     003f7ff8  _CsmPwl                         
1     00000ae0  _CsmRegs                        
0     003f4d01  _CsmUnlock                      
0     003f4558  _DATALOG_ISR                    
0     003f4788  _DINTCH1_ISR                    
0     003f4792  _DINTCH2_ISR                    
0     003f479c  _DINTCH3_ISR                    
0     003f47a6  _DINTCH4_ISR                    
0     003f47b0  _DINTCH5_ISR                    
0     003f47ba  _DINTCH6_ISR                    
0     00008000  _DSP28x_usDelay                 
1     00000880  _DevEmuRegs                     
0     003f4c20  _DisableDog                     
1     00001000  _DmaRegs                        
0     003f4800  _ECAN0INTA_ISR                  
0     003f480a  _ECAN1INTA_ISR                  
0     003f46e8  _ECAP1_INT_ISR                  
0     003f46f2  _ECAP2_INT_ISR                  
0     003f46fc  _ECAP3_INT_ISR                  
1     00006040  _ECanaLAMRegs                   
1     000060c0  _ECanaMOTORegs                  
1     00006080  _ECanaMOTSRegs                  
1     00006100  _ECanaMboxes                    
1     00006000  _ECanaRegs                      
1     00006a00  _ECap1Regs                      
1     00006a20  _ECap2Regs                      
1     00006a40  _ECap3Regs                      
0     003f48be  _EMPTY_ISR                      
0     003f456c  _EMUINT_ISR                     
0     003f4698  _EPWM1_INT_ISR                  
0     003f4648  _EPWM1_TZINT_ISR                
0     003f46a2  _EPWM2_INT_ISR                  
0     003f4652  _EPWM2_TZINT_ISR                
0     003f46ac  _EPWM3_INT_ISR                  
0     003f465c  _EPWM3_TZINT_ISR                
0     003f46b6  _EPWM4_INT_ISR                  
0     003f4666  _EPWM4_TZINT_ISR                
0     003f46c0  _EPWM5_INT_ISR                  
0     003f4670  _EPWM5_TZINT_ISR                
0     003f46ca  _EPWM6_INT_ISR                  
0     003f467a  _EPWM6_TZINT_ISR                
0     003f46d4  _EPWM7_INT_ISR                  
0     003f4684  _EPWM7_TZINT_ISR                
0     003f46de  _EPWM8_INT_ISR                  
0     003f468e  _EPWM8_TZINT_ISR                
1     00006800  _EPwm1Regs                      
1     00006840  _EPwm2Regs                      
1     00006880  _EPwm3Regs                      
1     000068c0  _EPwm4Regs                      
1     00006900  _EPwm5Regs                      
1     00006940  _EPwm6Regs                      
1     00006980  _EPwm7Regs                      
1     000069c0  _EPwm8Regs                      
0     003f471a  _EQEP1_INT_ISR                  
0     003f4724  _EQEP2_INT_ISR                  
1     00006b00  _EQep1Regs                      
1     00006b40  _EQep2Regs                      
1     00000d01  _EmuBMode                       
1     00000d00  _EmuKey                         
0     003f5048  _EnableInterrupts               
0     003f4d78  _ExtOscSel                      
1     0000a06a  _F                              
1     0000a094  _Fa                             
1     0000a096  _Fb                             
1     00000a80  _FlashRegs                      
1     00000d04  _Flash_CPUScaleFactor           
1     00000d02  _Flash_CallbackPtr              
1     00006f80  _GpioCtrlRegs                   
1     00006fc0  _GpioDataRegs                   
1     00006fe0  _GpioIntRegs                    
0     003f4706  _HRCAP1_INT_ISR                 
0     003f4710  _HRCAP2_INT_ISR                 
0     003f472e  _HRCAP3_INT_ISR                 
0     003f4738  _HRCAP4_INT_ISR                 
1     00006ac0  _HRCap1Regs                     
1     00006ae0  _HRCap2Regs                     
1     00006c80  _HRCap3Regs                     
1     00006ca0  _HRCap4Regs                     
1     0000a009  _Hall_flag                      
1     0000a00a  _Hall_flag2                     
1     0000a0cc  _Hallcnt                        
1     0000a0ce  _Hallcnt2                       
1     0000a0d0  _Hallcnt3                       
1     0000a006  _Hallstate                      
1     0000a0ca  _Hallstatecnt                   
0     003f47c4  _I2CINT1A_ISR                   
0     003f47ce  _I2CINT2A_ISR                   
1     00007900  _I2caRegs                       
0     003f4580  _ILLEGAL_ISR                    
0     003f4544  _INT13_ISR                      
0     003f454e  _INT14_ISR                      
0     003f4d8e  _InitEPwm                       
0     003f4da0  _InitEPwm1Gpio                  
0     003f4db2  _InitEPwm2Gpio                  
0     003f4dc4  _InitEPwm3Gpio                  
0     003f4dd8  _InitEPwm4Gpio                  
0     003f4dec  _InitEPwm5Gpio                  
0     003f4dfe  _InitEPwm6Gpio                  
0     003f4e10  _InitEPwm7Gpio                  
0     003f4e22  _InitEPwm8Gpio                  
0     003f4d8f  _InitEPwmGpio                   
0     003f4e34  _InitEPwmSyncGpio               
0     003f4cab  _InitPeripheralClocks           
0     003f5029  _InitPieCtrl                    
0     003f5051  _InitPieVectTable               
0     003f4c28  _InitPll                        
0     003f4c7d  _InitPll2                       
0     003f4bfc  _InitSysCtrl                    
0     003f4e45  _InitTzGpio                     
0     003f4d32  _IntOsc1Sel                     
0     003f4d42  _IntOsc2Sel                     
1     0000a052  _Ki                             
1     0000a056  _Ki_s                           
1     0000a050  _Kp                             
1     0000a054  _Kp_s                           
1     0000a04e  _Kv                             
1     0000a0e0  _Kv_i                           
0     003f48b4  _LUF_ISR                        
0     003f48aa  _LVF_ISR                        
0     003f4774  _MRINTA_ISR                     
0     003f477e  _MXINTA_ISR                     
1     00005000  _McbspaRegs                     
1     0000a004  _N                              
0     003f4576  _NMI_ISR                        
1     00007060  _NmiIntruptRegs                 
0     003f48cb  _PIE_RESERVED                   
1     003d7e80  _PartIdRegs                     
1     00000ce0  _PieCtrlRegs                    
1     00000d00  _PieVectTable                   
0     003f50de  _PieVectTableInit               
0     003f4562  _RTOSINT_ISR                    
0     003e8004  _RamfuncsLoadEnd                
abs   00000004  _RamfuncsLoadSize               
0     003e8000  _RamfuncsLoadStart              
0     00008000  _RamfuncsRunStart               
0     003f47d8  _SCIRXINTA_ISR                  
0     003f47ec  _SCIRXINTB_ISR                  
0     003f47e2  _SCITXINTA_ISR                  
0     003f47f6  _SCITXINTB_ISR                  
0     003f474c  _SPIRXINTA_ISR                  
0     003f4760  _SPIRXINTB_ISR                  
0     003f4756  _SPITXINTA_ISR                  
0     003f476a  _SPITXINTB_ISR                  
1     00007050  _SciaRegs                       
1     00007750  _ScibRegs                       
0     003f4c16  _ServiceDog                     
1     00007040  _SpiaRegs                       
1     00007740  _SpibRegs                       
1     00007010  _SysCtrlRegs                    
1     00000985  _SysPwrCtrlRegs                 
1     0000a058  _T                              
0     003f4634  _TINT0_ISR                      
1     0000a064  _Ta                             
1     0000a066  _Tb                             
1     0000a068  _Tc                             
1     0000a01e  _Ts                             
0     003f4742  _USB0_INT_ISR                   
0     003f45e4  _USER10_ISR                     
0     003f45ee  _USER11_ISR                     
0     003f45f8  _USER12_ISR                     
0     003f458a  _USER1_ISR                      
0     003f4594  _USER2_ISR                      
0     003f459e  _USER3_ISR                      
0     003f45a8  _USER4_ISR                      
0     003f45b2  _USER5_ISR                      
0     003f45bc  _USER6_ISR                      
0     003f45c6  _USER7_ISR                      
0     003f45d0  _USER8_ISR                      
0     003f45da  _USER9_ISR                      
1     0000a0ec  _UUmin                          
1     0000a05a  _Umax                           
1     0000a05c  _Umin                           
1     00004000  _Usb0Regs                       
0     003f463e  _WAKEINT_ISR                    
1     0000a01c  _Wc                             
1     0000a018  _Wq                             
1     0000a01a  _Wsq                            
0     003f4616  _XINT1_ISR                      
0     003f4620  _XINT2_ISR                      
0     003f48a0  _XINT3_ISR                      
1     00007070  _XIntruptRegs                   
0     003f4d5c  _XtalOscSel                     
1     00000250  __STACK_END                     
abs   00000200  __STACK_SIZE                    
1     0000a130  ___TI_cleanup_ptr               
1     0000a132  ___TI_dtors_ptr                 
1     0000a12e  ___TI_enable_exit_profile_output
abs   ffffffff  ___TI_pprof_out_hndl            
abs   ffffffff  ___TI_prof_data_size            
abs   ffffffff  ___TI_prof_data_start           
abs   ffffffff  ___binit__                      
abs   ffffffff  ___c_args__                     
0     003f51de  ___cinit__                      
0     003f50de  ___etext__                      
abs   ffffffff  ___pinit__                      
0     003f4000  ___text__                       
0     003f50b8  __args_main                     
1     0000a138  __lock                          
0     003f50d2  __nop                           
0     003f50ce  __register_lock                 
0     003f50ca  __register_unlock               
1     00000050  __stack                         
0     003f50dd  __system_post_cinit             
0     003f50db  __system_pre_init               
1     0000a13a  __unlock                        
1     0000a020  _a_gain                         
0     003f5000  _abort                          
0     003f48df  _adc1_isr                       
1     0000a02e  _adc_ia                         
1     0000a030  _adc_ib                         
1     0000a032  _adc_ic                         
1     0000a034  _adcout_ia                      
1     0000a036  _adcout_ib                      
1     0000a038  _adcout_ic                      
1     0000a09a  _alpha                          
1     0000a0e4  _alpha_gain1                    
1     0000a0e6  _alpha_gain2                    
1     0000a084  _angle                          
1     0000a086  _angle2                         
1     0000a09e  _beta                           
1     0000a022  _c_gain                         
0     003f4faa  _c_int00                        
1     0000a076  _ccc                            
1     0000a0f0  _clarke                         
0     003f42c1  _clarke_park                    
1     0000a002  _cnt                            
1     0000a090  _co                             
1     0000a078  _co_in                          
1     0000a0e2  _comp_speed                     
0     003f43b1  _configureADC                   
0     003f4422  _configureEPWM                  
0     003f5077  _copy_in                        
0     003f4eee  _cos                            
0     003f4eee  _cosf                           
1     0000a005  _count                          
1     0000a0a4  _d_a                            
1     0000a0a6  _d_b                            
1     0000a0a8  _d_c                            
1     0000a00b  _delay_flag                     
1     0000a00c  _delay_flag2                    
1     0000a00d  _delay_flag3                    
1     0000a0aa  _dout                           
0     003f48f4  _epwm4_isr                      
1     0000a042  _error_d                        
1     0000a044  _error_pre                      
1     0000a040  _error_q                        
1     0000a04a  _error_s                        
1     0000a04c  _error_s_sum                    
1     0000a046  _error_sum                      
1     0000a048  _error_sum2                     
0     003f5002  _exit                           
1     0000a08e  _f                              
1     0000a016  _fun_amp                        
1     0000a070  _i                              
1     0000a028  _i_a                            
1     0000a0c0  _i_alpha                        
1     0000a02a  _i_b                            
1     0000a0c2  _i_beta                         
1     0000a02c  _i_c                            
1     0000a060  _i_control                      
1     0000a0ee  _i_d                            
1     0000a0c4  _i_dd                           
1     0000a03c  _i_q                            
1     0000a03e  _i_qq                           
1     0000a0ae  _in_d                           
1     0000a0b2  _in_d1                          
1     0000a0b0  _in_q                           
1     0000a0b4  _in_q1                          
0     003f4443  _initEPWM4                      
0     003f4476  _initEPWM5                      
0     003f44a9  _initEPWM6                      
0     003f44dc  _initEPWM7                      
0     003f4510  _initEPWM8                      
1     0000a008  _init_hall_cnt                  
1     0000a007  _init_hallflag                  
1     0000a080  _input_d                        
1     0000a088  _input_fun                      
1     0000a082  _input_q                        
1     0000a098  _inv_alpha                      
1     0000a09c  _inv_beta                       
1     0000a100  _ipark                          
0     003f4314  _ipark_svgen                    
1     0000a03a  _iv_gain                        
1     0000a072  _j                              
1     0000a074  _k                              
0     003f4182  _main                           
1     0000a0de  _max_rad                        
1     0000a0d8  _med_speed                      
0     003f509b  _memcpy                         
1     0000a0dc  _offset_speed                   
1     0000a0ba  _out_a                          
1     0000a0b6  _out_alpha                      
1     0000a0bc  _out_b                          
1     0000a0b8  _out_beta                       
1     0000a0be  _out_c                          
1     0000a0a0  _out_d                          
1     0000a0a2  _out_q                          
1     0000a0e8  _out_speed                      
1     0000a05e  _p_control                      
1     0000a10e  _park                           
1     0000a0ea  _pre_speed                      
1     0000a062  _q_control                      
1     0000a0ac  _qout                           
1     0000a07e  _rad                            
1     0000a07a  _rad_f                          
1     0000a011  _rad_flag                       
1     0000a07c  _rad_t                          
1     0000a012  _ref                            
1     0000a014  _ref2                           
0     003f48d5  _rsvd_ISR                       
1     0000a003  _sector                         
1     0000a092  _si                             
0     003f4f51  _sin                            
0     003f4f51  _sinf                           
1     0000a00f  _speed_cnt                      
1     0000a00e  _speed_control_cnt              
1     0000a0d2  _speed_hall                     
1     0000a0d4  _speed_hall2                    
1     0000a0d6  _speed_hall3                    
1     0000a11c  _svgen                          
1     0000a001  _switch_1                       
1     0000a08a  _theta                          
1     0000a010  _theta_cnt                      
1     0000a08c  _theta_in                       
1     0000a0c8  _tts                            
1     0000a134  _u                              
1     0000a0da  _u_q                            
1     0000a06c  _va                             
1     0000a06e  _vb                             
1     0000a0c6  _vdc                            
1     0000a000  _w                              
abs   ffffffff  binit                           
0     003f51de  cinit                           
0     003f7ff6  code_start                      
0     003f50de  etext                           
abs   ffffffff  pinit                           


GLOBAL SYMBOLS: SORTED BY Symbol Address 

page  address   name                            
----  -------   ----                            
0     00008000  _DSP28x_usDelay                 
0     00008000  _RamfuncsRunStart               
0     003e8000  _RamfuncsLoadStart              
0     003e8004  _RamfuncsLoadEnd                
0     003f4000  .text                           
0     003f4000  ___text__                       
0     003f4182  _main                           
0     003f42c1  _clarke_park                    
0     003f4314  _ipark_svgen                    
0     003f43b1  _configureADC                   
0     003f4422  _configureEPWM                  
0     003f4443  _initEPWM4                      
0     003f4476  _initEPWM5                      
0     003f44a9  _initEPWM6                      
0     003f44dc  _initEPWM7                      
0     003f4510  _initEPWM8                      
0     003f4544  _INT13_ISR                      
0     003f454e  _INT14_ISR                      
0     003f4558  _DATALOG_ISR                    
0     003f4562  _RTOSINT_ISR                    
0     003f456c  _EMUINT_ISR                     
0     003f4576  _NMI_ISR                        
0     003f4580  _ILLEGAL_ISR                    
0     003f458a  _USER1_ISR                      
0     003f4594  _USER2_ISR                      
0     003f459e  _USER3_ISR                      
0     003f45a8  _USER4_ISR                      
0     003f45b2  _USER5_ISR                      
0     003f45bc  _USER6_ISR                      
0     003f45c6  _USER7_ISR                      
0     003f45d0  _USER8_ISR                      
0     003f45da  _USER9_ISR                      
0     003f45e4  _USER10_ISR                     
0     003f45ee  _USER11_ISR                     
0     003f45f8  _USER12_ISR                     
0     003f4602  _ADCINT1_ISR                    
0     003f460c  _ADCINT2_ISR                    
0     003f4616  _XINT1_ISR                      
0     003f4620  _XINT2_ISR                      
0     003f462a  _ADCINT9_ISR                    
0     003f4634  _TINT0_ISR                      
0     003f463e  _WAKEINT_ISR                    
0     003f4648  _EPWM1_TZINT_ISR                
0     003f4652  _EPWM2_TZINT_ISR                
0     003f465c  _EPWM3_TZINT_ISR                
0     003f4666  _EPWM4_TZINT_ISR                
0     003f4670  _EPWM5_TZINT_ISR                
0     003f467a  _EPWM6_TZINT_ISR                
0     003f4684  _EPWM7_TZINT_ISR                
0     003f468e  _EPWM8_TZINT_ISR                
0     003f4698  _EPWM1_INT_ISR                  
0     003f46a2  _EPWM2_INT_ISR                  
0     003f46ac  _EPWM3_INT_ISR                  
0     003f46b6  _EPWM4_INT_ISR                  
0     003f46c0  _EPWM5_INT_ISR                  
0     003f46ca  _EPWM6_INT_ISR                  
0     003f46d4  _EPWM7_INT_ISR                  
0     003f46de  _EPWM8_INT_ISR                  
0     003f46e8  _ECAP1_INT_ISR                  
0     003f46f2  _ECAP2_INT_ISR                  
0     003f46fc  _ECAP3_INT_ISR                  
0     003f4706  _HRCAP1_INT_ISR                 
0     003f4710  _HRCAP2_INT_ISR                 
0     003f471a  _EQEP1_INT_ISR                  
0     003f4724  _EQEP2_INT_ISR                  
0     003f472e  _HRCAP3_INT_ISR                 
0     003f4738  _HRCAP4_INT_ISR                 
0     003f4742  _USB0_INT_ISR                   
0     003f474c  _SPIRXINTA_ISR                  
0     003f4756  _SPITXINTA_ISR                  
0     003f4760  _SPIRXINTB_ISR                  
0     003f476a  _SPITXINTB_ISR                  
0     003f4774  _MRINTA_ISR                     
0     003f477e  _MXINTA_ISR                     
0     003f4788  _DINTCH1_ISR                    
0     003f4792  _DINTCH2_ISR                    
0     003f479c  _DINTCH3_ISR                    
0     003f47a6  _DINTCH4_ISR                    
0     003f47b0  _DINTCH5_ISR                    
0     003f47ba  _DINTCH6_ISR                    
0     003f47c4  _I2CINT1A_ISR                   
0     003f47ce  _I2CINT2A_ISR                   
0     003f47d8  _SCIRXINTA_ISR                  
0     003f47e2  _SCITXINTA_ISR                  
0     003f47ec  _SCIRXINTB_ISR                  
0     003f47f6  _SCITXINTB_ISR                  
0     003f4800  _ECAN0INTA_ISR                  
0     003f480a  _ECAN1INTA_ISR                  
0     003f4814  _ADCINT3_ISR                    
0     003f481e  _ADCINT4_ISR                    
0     003f4828  _ADCINT5_ISR                    
0     003f4832  _ADCINT6_ISR                    
0     003f483c  _ADCINT7_ISR                    
0     003f4846  _ADCINT8_ISR                    
0     003f4850  _CLA1_INT1_ISR                  
0     003f485a  _CLA1_INT2_ISR                  
0     003f4864  _CLA1_INT3_ISR                  
0     003f486e  _CLA1_INT4_ISR                  
0     003f4878  _CLA1_INT5_ISR                  
0     003f4882  _CLA1_INT6_ISR                  
0     003f488c  _CLA1_INT7_ISR                  
0     003f4896  _CLA1_INT8_ISR                  
0     003f48a0  _XINT3_ISR                      
0     003f48aa  _LVF_ISR                        
0     003f48b4  _LUF_ISR                        
0     003f48be  _EMPTY_ISR                      
0     003f48cb  _PIE_RESERVED                   
0     003f48d5  _rsvd_ISR                       
0     003f48df  _adc1_isr                       
0     003f48f4  _epwm4_isr                      
0     003f4bfc  _InitSysCtrl                    
0     003f4c16  _ServiceDog                     
0     003f4c20  _DisableDog                     
0     003f4c28  _InitPll                        
0     003f4c7d  _InitPll2                       
0     003f4cab  _InitPeripheralClocks           
0     003f4d01  _CsmUnlock                      
0     003f4d32  _IntOsc1Sel                     
0     003f4d42  _IntOsc2Sel                     
0     003f4d5c  _XtalOscSel                     
0     003f4d78  _ExtOscSel                      
0     003f4d8e  _InitEPwm                       
0     003f4d8f  _InitEPwmGpio                   
0     003f4da0  _InitEPwm1Gpio                  
0     003f4db2  _InitEPwm2Gpio                  
0     003f4dc4  _InitEPwm3Gpio                  
0     003f4dd8  _InitEPwm4Gpio                  
0     003f4dec  _InitEPwm5Gpio                  
0     003f4dfe  _InitEPwm6Gpio                  
0     003f4e10  _InitEPwm7Gpio                  
0     003f4e22  _InitEPwm8Gpio                  
0     003f4e34  _InitEPwmSyncGpio               
0     003f4e45  _InitTzGpio                     
0     003f4e66  FS$$DIV                         
0     003f4eee  _cos                            
0     003f4eee  _cosf                           
0     003f4f51  _sin                            
0     003f4f51  _sinf                           
0     003f4faa  _c_int00                        
0     003f5000  C$$EXIT                         
0     003f5000  _abort                          
0     003f5002  _exit                           
0     003f5029  _InitPieCtrl                    
0     003f5048  _EnableInterrupts               
0     003f5051  _InitPieVectTable               
0     003f5077  _copy_in                        
0     003f509b  _memcpy                         
0     003f50b8  __args_main                     
0     003f50ca  __register_unlock               
0     003f50ce  __register_lock                 
0     003f50d2  __nop                           
0     003f50db  __system_pre_init               
0     003f50dd  __system_post_cinit             
0     003f50de  _PieVectTableInit               
0     003f50de  ___etext__                      
0     003f50de  etext                           
0     003f51de  ___cinit__                      
0     003f51de  cinit                           
0     003f7ff6  code_start                      
1     00000050  __stack                         
1     00000250  __STACK_END                     
1     00000880  _DevEmuRegs                     
1     00000985  _SysPwrCtrlRegs                 
1     00000a80  _FlashRegs                      
1     00000ae0  _CsmRegs                        
1     00000b00  _AdcResult                      
1     00000c00  _CpuTimer0Regs                  
1     00000c08  _CpuTimer1Regs                  
1     00000c10  _CpuTimer2Regs                  
1     00000ce0  _PieCtrlRegs                    
1     00000d00  _EmuKey                         
1     00000d00  _PieVectTable                   
1     00000d01  _EmuBMode                       
1     00000d02  _Flash_CallbackPtr              
1     00000d04  _Flash_CPUScaleFactor           
1     00001000  _DmaRegs                        
1     00001400  _Cla1Regs                       
1     00004000  _Usb0Regs                       
1     00005000  _McbspaRegs                     
1     00006000  _ECanaRegs                      
1     00006040  _ECanaLAMRegs                   
1     00006080  _ECanaMOTSRegs                  
1     000060c0  _ECanaMOTORegs                  
1     00006100  _ECanaMboxes                    
1     00006400  _Comp1Regs                      
1     00006420  _Comp2Regs                      
1     00006440  _Comp3Regs                      
1     00006800  _EPwm1Regs                      
1     00006840  _EPwm2Regs                      
1     00006880  _EPwm3Regs                      
1     000068c0  _EPwm4Regs                      
1     00006900  _EPwm5Regs                      
1     00006940  _EPwm6Regs                      
1     00006980  _EPwm7Regs                      
1     000069c0  _EPwm8Regs                      
1     00006a00  _ECap1Regs                      
1     00006a20  _ECap2Regs                      
1     00006a40  _ECap3Regs                      
1     00006ac0  _HRCap1Regs                     
1     00006ae0  _HRCap2Regs                     
1     00006b00  _EQep1Regs                      
1     00006b40  _EQep2Regs                      
1     00006c80  _HRCap3Regs                     
1     00006ca0  _HRCap4Regs                     
1     00006f80  _GpioCtrlRegs                   
1     00006fc0  _GpioDataRegs                   
1     00006fe0  _GpioIntRegs                    
1     00007010  _SysCtrlRegs                    
1     00007040  _SpiaRegs                       
1     00007050  _SciaRegs                       
1     00007060  _NmiIntruptRegs                 
1     00007070  _XIntruptRegs                   
1     00007100  _AdcRegs                        
1     00007740  _SpibRegs                       
1     00007750  _ScibRegs                       
1     00007900  _I2caRegs                       
1     0000a000  _w                              
1     0000a001  _switch_1                       
1     0000a002  _cnt                            
1     0000a003  _sector                         
1     0000a004  _N                              
1     0000a005  _count                          
1     0000a006  _Hallstate                      
1     0000a007  _init_hallflag                  
1     0000a008  _init_hall_cnt                  
1     0000a009  _Hall_flag                      
1     0000a00a  _Hall_flag2                     
1     0000a00b  _delay_flag                     
1     0000a00c  _delay_flag2                    
1     0000a00d  _delay_flag3                    
1     0000a00e  _speed_control_cnt              
1     0000a00f  _speed_cnt                      
1     0000a010  _theta_cnt                      
1     0000a011  _rad_flag                       
1     0000a012  _ref                            
1     0000a014  _ref2                           
1     0000a016  _fun_amp                        
1     0000a018  _Wq                             
1     0000a01a  _Wsq                            
1     0000a01c  _Wc                             
1     0000a01e  _Ts                             
1     0000a020  _a_gain                         
1     0000a022  _c_gain                         
1     0000a024  _ADCINTvalue                    
1     0000a026  _ADCOUTvalue                    
1     0000a028  _i_a                            
1     0000a02a  _i_b                            
1     0000a02c  _i_c                            
1     0000a02e  _adc_ia                         
1     0000a030  _adc_ib                         
1     0000a032  _adc_ic                         
1     0000a034  _adcout_ia                      
1     0000a036  _adcout_ib                      
1     0000a038  _adcout_ic                      
1     0000a03a  _iv_gain                        
1     0000a03c  _i_q                            
1     0000a03e  _i_qq                           
1     0000a040  _error_q                        
1     0000a042  _error_d                        
1     0000a044  _error_pre                      
1     0000a046  _error_sum                      
1     0000a048  _error_sum2                     
1     0000a04a  _error_s                        
1     0000a04c  _error_s_sum                    
1     0000a04e  _Kv                             
1     0000a050  _Kp                             
1     0000a052  _Ki                             
1     0000a054  _Kp_s                           
1     0000a056  _Ki_s                           
1     0000a058  _T                              
1     0000a05a  _Umax                           
1     0000a05c  _Umin                           
1     0000a05e  _p_control                      
1     0000a060  _i_control                      
1     0000a062  _q_control                      
1     0000a064  _Ta                             
1     0000a066  _Tb                             
1     0000a068  _Tc                             
1     0000a06a  _F                              
1     0000a06c  _va                             
1     0000a06e  _vb                             
1     0000a070  _i                              
1     0000a072  _j                              
1     0000a074  _k                              
1     0000a076  _ccc                            
1     0000a078  _co_in                          
1     0000a07a  _rad_f                          
1     0000a07c  _rad_t                          
1     0000a07e  _rad                            
1     0000a080  _input_d                        
1     0000a082  _input_q                        
1     0000a084  _angle                          
1     0000a086  _angle2                         
1     0000a088  _input_fun                      
1     0000a08a  _theta                          
1     0000a08c  _theta_in                       
1     0000a08e  _f                              
1     0000a090  _co                             
1     0000a092  _si                             
1     0000a094  _Fa                             
1     0000a096  _Fb                             
1     0000a098  _inv_alpha                      
1     0000a09a  _alpha                          
1     0000a09c  _inv_beta                       
1     0000a09e  _beta                           
1     0000a0a0  _out_d                          
1     0000a0a2  _out_q                          
1     0000a0a4  _d_a                            
1     0000a0a6  _d_b                            
1     0000a0a8  _d_c                            
1     0000a0aa  _dout                           
1     0000a0ac  _qout                           
1     0000a0ae  _in_d                           
1     0000a0b0  _in_q                           
1     0000a0b2  _in_d1                          
1     0000a0b4  _in_q1                          
1     0000a0b6  _out_alpha                      
1     0000a0b8  _out_beta                       
1     0000a0ba  _out_a                          
1     0000a0bc  _out_b                          
1     0000a0be  _out_c                          
1     0000a0c0  _i_alpha                        
1     0000a0c2  _i_beta                         
1     0000a0c4  _i_dd                           
1     0000a0c6  _vdc                            
1     0000a0c8  _tts                            
1     0000a0ca  _Hallstatecnt                   
1     0000a0cc  _Hallcnt                        
1     0000a0ce  _Hallcnt2                       
1     0000a0d0  _Hallcnt3                       
1     0000a0d2  _speed_hall                     
1     0000a0d4  _speed_hall2                    
1     0000a0d6  _speed_hall3                    
1     0000a0d8  _med_speed                      
1     0000a0da  _u_q                            
1     0000a0dc  _offset_speed                   
1     0000a0de  _max_rad                        
1     0000a0e0  _Kv_i                           
1     0000a0e2  _comp_speed                     
1     0000a0e4  _alpha_gain1                    
1     0000a0e6  _alpha_gain2                    
1     0000a0e8  _out_speed                      
1     0000a0ea  _pre_speed                      
1     0000a0ec  _UUmin                          
1     0000a0ee  _i_d                            
1     0000a0f0  _clarke                         
1     0000a100  _ipark                          
1     0000a10e  _park                           
1     0000a11c  _svgen                          
1     0000a12e  ___TI_enable_exit_profile_output
1     0000a130  ___TI_cleanup_ptr               
1     0000a132  ___TI_dtors_ptr                 
1     0000a134  _u                              
1     0000a138  __lock                          
1     0000a13a  __unlock                        
1     0000a140  _CpuTimer0                      
1     0000a148  _CpuTimer1                      
1     0000a150  _CpuTimer2                      
1     003d7e80  _PartIdRegs                     
1     003f7ff8  _CsmPwl                         
abs   00000004  _RamfuncsLoadSize               
abs   00000200  __STACK_SIZE                    
abs   ffffffff  ___TI_pprof_out_hndl            
abs   ffffffff  ___TI_prof_data_size            
abs   ffffffff  ___TI_prof_data_start           
abs   ffffffff  ___binit__                      
abs   ffffffff  ___c_args__                     
abs   ffffffff  ___pinit__                      
abs   ffffffff  binit                           
abs   ffffffff  pinit                           

[370 symbols]
