******************************************************************************
             TMS320C2000 Linker PC v21.6.0                     
******************************************************************************
>> Linked Fri May 20 17:48:54 2022

OUTPUT FILE NAME:   <Example_2806xLaunchPad.out>
ENTRY POINT SYMBOL: "_c_int00"  address: 003f4d17


MEMORY CONFIGURATION

         name            origin    length      used     unused   attr    fill
----------------------  --------  ---------  --------  --------  ----  --------
PAGE 0:
  RAML0                 00008000   00000800  00000004  000007fc  RWIX
  RAML1                 00008800   00000400  00000000  00000400  RWIX
  OTP                   003d7800   00000400  00000000  00000400  RWIX
  FLASHH                003d8000   00004000  00000000  00004000  RWIX
  FLASHG                003dc000   00004000  00000000  00004000  RWIX
  FLASHF                003e0000   00004000  00000000  00004000  RWIX
  FLASHE                003e4000   00004000  00000000  00004000  RWIX
  FLASHD                003e8000   00004000  00000004  00003ffc  RWIX
  FLASHC                003ec000   00004000  00000000  00004000  RWIX
  FLASHA                003f4000   00003f80  00000f90  00002ff0  RWIX
  CSM_RSVD              003f7f80   00000076  00000000  00000076  RWIX
  BEGIN                 003f7ff6   00000002  00000002  00000000  RWIX
  CSM_PWL_P0            003f7ff8   00000008  00000000  00000008  RWIX
  FPUTABLES             003fd590   000006a0  00000000  000006a0  RWIX
  IQTABLES              003fdf00   00000b50  00000000  00000b50  RWIX
  IQTABLES2             003fea50   0000008c  00000000  0000008c  RWIX
  IQTABLES3             003feadc   000000aa  00000000  000000aa  RWIX
  ROM                   003ff3b0   00000c10  00000000  00000c10  RWIX
  RESET                 003fffc0   00000002  00000000  00000002  RWIX
  VECTORS               003fffc2   0000003e  00000000  0000003e  RWIX

PAGE 1:
  BOOT_RSVD             00000000   00000050  00000000  00000050  RWIX
  RAMM0                 00000050   000003b0  00000200  000001b0  RWIX
  RAMM1                 00000400   00000400  00000000  00000400  RWIX
  DEV_EMU               00000880   00000105  00000004  00000101  RWIX
  SYS_PWR_CTL           00000985   00000003  00000003  00000000  RWIX
  FLASH_REGS            00000a80   00000060  00000008  00000058  RWIX
  CSM                   00000ae0   00000020  00000010  00000010  RWIX
  ADC_RESULT            00000b00   00000020  00000010  00000010  RWIX
  CPU_TIMER0            00000c00   00000008  00000008  00000000  RWIX
  CPU_TIMER1            00000c08   00000008  00000008  00000000  RWIX
  CPU_TIMER2            00000c10   00000008  00000008  00000000  RWIX
  PIE_CTRL              00000ce0   00000020  0000001a  00000006  RWIX
  PIE_VECT              00000d00   00000100  00000100  00000000  RWIX
  DMA                   00001000   00000200  000000e0  00000120  RWIX
  CLA1                  00001400   00000080  00000040  00000040  RWIX
  USB0                  00004000   00001000  00000454  00000bac  RWIX
  McBSPA                00005000   00000040  00000024  0000001c  RWIX
  ECANA                 00006000   00000040  00000034  0000000c  RWIX
  ECANA_LAM             00006040   00000040  00000040  00000000  RWIX
  ECANA_MOTS            00006080   00000040  00000040  00000000  RWIX
  ECANA_MOTO            000060c0   00000040  00000040  00000000  RWIX
  ECANA_MBOX            00006100   00000100  00000100  00000000  RWIX
  COMP1                 00006400   00000020  00000014  0000000c  RWIX
  COMP2                 00006420   00000020  00000014  0000000c  RWIX
  COMP3                 00006440   00000020  00000014  0000000c  RWIX
  EPWM1                 00006800   00000040  00000040  00000000  RWIX
  EPWM2                 00006840   00000040  00000040  00000000  RWIX
  EPWM3                 00006880   00000040  00000040  00000000  RWIX
  EPWM4                 000068c0   00000040  00000040  00000000  RWIX
  EPWM5                 00006900   00000040  00000040  00000000  RWIX
  EPWM6                 00006940   00000040  00000040  00000000  RWIX
  EPWM7                 00006980   00000040  00000040  00000000  RWIX
  EPWM8                 000069c0   00000040  00000040  00000000  RWIX
  ECAP1                 00006a00   00000020  00000020  00000000  RWIX
  ECAP2                 00006a20   00000020  00000020  00000000  RWIX
  ECAP3                 00006a40   00000020  00000020  00000000  RWIX
  HRCAP1                00006ac0   00000020  00000020  00000000  RWIX
  HRCAP2                00006ae0   00000020  00000020  00000000  RWIX
  EQEP1                 00006b00   00000040  00000022  0000001e  RWIX
  EQEP2                 00006b40   00000040  00000022  0000001e  RWIX
  HRCAP3                00006c80   00000020  00000020  00000000  RWIX
  HRCAP4                00006ca0   00000020  00000020  00000000  RWIX
  GPIOCTRL              00006f80   00000040  00000040  00000000  RWIX
  GPIODAT               00006fc0   00000020  00000020  00000000  RWIX
  GPIOINT               00006fe0   00000020  00000020  00000000  RWIX
  SYSTEM                00007010   00000030  00000030  00000000  RWIX
  SPIA                  00007040   00000010  00000010  00000000  RWIX
  SCIA                  00007050   00000010  00000010  00000000  RWIX
  NMIINTRUPT            00007060   00000010  00000010  00000000  RWIX
  XINTRUPT              00007070   00000010  00000010  00000000  RWIX
  ADC                   00007100   00000080  00000050  00000030  RWIX
  SPIB                  00007740   00000010  00000010  00000000  RWIX
  SCIB                  00007750   00000010  00000010  00000000  RWIX
  I2CA                  00007900   00000040  00000022  0000001e  RWIX
  RAML2                 00008c00   00000400  00000000  00000400  RWIX
  RAML3                 00009000   00001000  00000000  00001000  RWIX
  RAML4                 0000a000   00002000  000000bf  00001f41  RWIX
  RAML5                 0000c000   00002000  00000000  00002000  RWIX
  RAML6                 0000e000   00002000  00000000  00002000  RWIX
  RAML7                 00010000   00002000  00000000  00002000  RWIX
  RAML8                 00012000   00002000  00000000  00002000  RWIX
  USB_RAM               00040000   00000800  00000000  00000800  RWIX
  PARTID                003d7e80   00000001  00000001  00000000  RWIX
  FLASHB                003f0000   00004000  00000000  00004000  RWIX
  CSM_PWL               003f7ff8   00000008  00000008  00000000  RWIX


SECTION ALLOCATION MAP

 output                                  attributes/
section   page    origin      length       input sections
--------  ----  ----------  ----------   ----------------
.cinit     0    003f4f4c    00000045     
                  003f4f4c    0000001e     proj08.obj (.cinit)
                  003f4f6a    0000000e     rts2800_fpu32.lib : exit.c.obj (.cinit)
                  003f4f78    00000009     proj08.obj (.cinit:_sector_sel)
                  003f4f81    00000005     rts2800_fpu32.lib : _lock.c.obj (.cinit:__lock)
                  003f4f86    00000005                       : _lock.c.obj (.cinit:__unlock)
                  003f4f8b    00000004     sci_io.obj (.cinit)
                  003f4f8f    00000002     --HOLE-- [fill = 0]

.pinit     0    003f4000    00000000     UNINITIALIZED

ramfuncs   0    003e8000    00000004     RUN ADDR = 00008000
                  003e8000    00000004     F2806x_usDelay.obj (ramfuncs)

.text      0    003f4000    00000e4b     
                  003f4000    000004f0     proj08.obj (.text)
                  003f44f0    0000039b     F2806x_DefaultIsr.obj (.text:retain)
                  003f488b    00000192     F2806x_SysCtrl.obj (.text)
                  003f4a1d    000000de     proj08.obj (.text:retain)
                  003f4afb    000000d8     F2806x_EPwm.obj (.text)
                  003f4bd3    00000088     rts2800_fpu32.lib : fs_div28.asm.obj (.text)
                  003f4c5b    00000063                       : s_cosf.c.obj (.text)
                  003f4cbe    00000059                       : s_sinf.c.obj (.text)
                  003f4d17    00000056                       : boot28.asm.obj (.text)
                  003f4d6d    00000029                       : exit.c.obj (.text)
                  003f4d96    00000028     F2806x_PieCtrl.obj (.text)
                  003f4dbe    00000026     F2806x_PieVect.obj (.text)
                  003f4de4    00000024     rts2800_fpu32.lib : cpy_tbl.c.obj (.text)
                  003f4e08    0000001d                       : memcpy.c.obj (.text)
                  003f4e25    00000012                       : args_main.c.obj (.text)
                  003f4e37    00000009                       : _lock.c.obj (.text)
                  003f4e40    00000008     F2806x_CodeStartBranch.obj (.text)
                  003f4e48    00000002     rts2800_fpu32.lib : pre_init.c.obj (.text)
                  003f4e4a    00000001                       : startup.c.obj (.text)

codestart 
*          0    003f7ff6    00000002     
                  003f7ff6    00000002     F2806x_CodeStartBranch.obj (codestart)

.stack     1    00000050    00000200     UNINITIALIZED
                  00000050    00000200     --HOLE--

.ebss      1    0000a000    000000bf     UNINITIALIZED
                  0000a000    0000008e     proj08.obj (.ebss)
                  0000a08e    00000018     F2806x_CpuTimers.obj (.ebss)
                  0000a0a6    00000006     proj08.obj (.ebss:_sector_sel)
                  0000a0ac    00000006     rts2800_fpu32.lib : exit.c.obj (.ebss)
                  0000a0b2    00000004     proj08.obj (.ebss:_u)
                  0000a0b6    00000004     proj08.obj (.ebss:_y)
                  0000a0ba    00000002     rts2800_fpu32.lib : _lock.c.obj (.ebss:__lock)
                  0000a0bc    00000002                       : _lock.c.obj (.ebss:__unlock)
                  0000a0be    00000001     sci_io.obj (.ebss)

.econst    0    003f4e4c    00000100     
                  003f4e4c    00000100     F2806x_PieVect.obj (.econst:_PieVectTableInit)

.reset     0    003fffc0    00000002     DSECT
                  003fffc0    00000002     rts2800_fpu32.lib : boot28.asm.obj (.reset)

vectors    0    003fffc2    00000000     DSECT

DevEmuRegsFile 
*          1    00000880    00000004     UNINITIALIZED
                  00000880    00000004     F2806x_GlobalVariableDefs.obj (DevEmuRegsFile)

SysPwrCtrlRegsFile 
*          1    00000985    00000003     UNINITIALIZED
                  00000985    00000003     F2806x_GlobalVariableDefs.obj (SysPwrCtrlRegsFile)

FlashRegsFile 
*          1    00000a80    00000008     UNINITIALIZED
                  00000a80    00000008     F2806x_GlobalVariableDefs.obj (FlashRegsFile)

CsmRegsFile 
*          1    00000ae0    00000010     UNINITIALIZED
                  00000ae0    00000010     F2806x_GlobalVariableDefs.obj (CsmRegsFile)

AdcResultFile 
*          1    00000b00    00000010     UNINITIALIZED
                  00000b00    00000010     F2806x_GlobalVariableDefs.obj (AdcResultFile)

CpuTimer0RegsFile 
*          1    00000c00    00000008     UNINITIALIZED
                  00000c00    00000008     F2806x_GlobalVariableDefs.obj (CpuTimer0RegsFile)

CpuTimer1RegsFile 
*          1    00000c08    00000008     UNINITIALIZED
                  00000c08    00000008     F2806x_GlobalVariableDefs.obj (CpuTimer1RegsFile)

CpuTimer2RegsFile 
*          1    00000c10    00000008     UNINITIALIZED
                  00000c10    00000008     F2806x_GlobalVariableDefs.obj (CpuTimer2RegsFile)

PieCtrlRegsFile 
*          1    00000ce0    0000001a     UNINITIALIZED
                  00000ce0    0000001a     F2806x_GlobalVariableDefs.obj (PieCtrlRegsFile)

PieVectTableFile 
*          1    00000d00    00000100     UNINITIALIZED
                  00000d00    00000100     F2806x_GlobalVariableDefs.obj (PieVectTableFile)

EmuKeyVar 
*          1    00000d00    00000001     UNINITIALIZED
                  00000d00    00000001     F2806x_GlobalVariableDefs.obj (EmuKeyVar)

EmuBModeVar 
*          1    00000d01    00000001     UNINITIALIZED
                  00000d01    00000001     F2806x_GlobalVariableDefs.obj (EmuBModeVar)

FlashCallbackVar 
*          1    00000d02    00000002     UNINITIALIZED
                  00000d02    00000002     F2806x_GlobalVariableDefs.obj (FlashCallbackVar)

FlashScalingVar 
*          1    00000d04    00000002     UNINITIALIZED
                  00000d04    00000002     F2806x_GlobalVariableDefs.obj (FlashScalingVar)

DmaRegsFile 
*          1    00001000    000000e0     UNINITIALIZED
                  00001000    000000e0     F2806x_GlobalVariableDefs.obj (DmaRegsFile)

Cla1RegsFile 
*          1    00001400    00000040     UNINITIALIZED
                  00001400    00000040     F2806x_GlobalVariableDefs.obj (Cla1RegsFile)

Usb0RegsFile 
*          1    00004000    00000454     UNINITIALIZED
                  00004000    00000454     F2806x_GlobalVariableDefs.obj (Usb0RegsFile)

McbspaRegsFile 
*          1    00005000    00000024     UNINITIALIZED
                  00005000    00000024     F2806x_GlobalVariableDefs.obj (McbspaRegsFile)

ECanaRegsFile 
*          1    00006000    00000034     UNINITIALIZED
                  00006000    00000034     F2806x_GlobalVariableDefs.obj (ECanaRegsFile)

ECanaLAMRegsFile 
*          1    00006040    00000040     UNINITIALIZED
                  00006040    00000040     F2806x_GlobalVariableDefs.obj (ECanaLAMRegsFile)

ECanaMOTSRegsFile 
*          1    00006080    00000040     UNINITIALIZED
                  00006080    00000040     F2806x_GlobalVariableDefs.obj (ECanaMOTSRegsFile)

ECanaMOTORegsFile 
*          1    000060c0    00000040     UNINITIALIZED
                  000060c0    00000040     F2806x_GlobalVariableDefs.obj (ECanaMOTORegsFile)

ECanaMboxesFile 
*          1    00006100    00000100     UNINITIALIZED
                  00006100    00000100     F2806x_GlobalVariableDefs.obj (ECanaMboxesFile)

Comp1RegsFile 
*          1    00006400    00000014     UNINITIALIZED
                  00006400    00000014     F2806x_GlobalVariableDefs.obj (Comp1RegsFile)

Comp2RegsFile 
*          1    00006420    00000014     UNINITIALIZED
                  00006420    00000014     F2806x_GlobalVariableDefs.obj (Comp2RegsFile)

Comp3RegsFile 
*          1    00006440    00000014     UNINITIALIZED
                  00006440    00000014     F2806x_GlobalVariableDefs.obj (Comp3RegsFile)

EPwm1RegsFile 
*          1    00006800    00000040     UNINITIALIZED
                  00006800    00000040     F2806x_GlobalVariableDefs.obj (EPwm1RegsFile)

EPwm2RegsFile 
*          1    00006840    00000040     UNINITIALIZED
                  00006840    00000040     F2806x_GlobalVariableDefs.obj (EPwm2RegsFile)

EPwm3RegsFile 
*          1    00006880    00000040     UNINITIALIZED
                  00006880    00000040     F2806x_GlobalVariableDefs.obj (EPwm3RegsFile)

EPwm4RegsFile 
*          1    000068c0    00000040     UNINITIALIZED
                  000068c0    00000040     F2806x_GlobalVariableDefs.obj (EPwm4RegsFile)

EPwm5RegsFile 
*          1    00006900    00000040     UNINITIALIZED
                  00006900    00000040     F2806x_GlobalVariableDefs.obj (EPwm5RegsFile)

EPwm6RegsFile 
*          1    00006940    00000040     UNINITIALIZED
                  00006940    00000040     F2806x_GlobalVariableDefs.obj (EPwm6RegsFile)

EPwm7RegsFile 
*          1    00006980    00000040     UNINITIALIZED
                  00006980    00000040     F2806x_GlobalVariableDefs.obj (EPwm7RegsFile)

EPwm8RegsFile 
*          1    000069c0    00000040     UNINITIALIZED
                  000069c0    00000040     F2806x_GlobalVariableDefs.obj (EPwm8RegsFile)

ECap1RegsFile 
*          1    00006a00    00000020     UNINITIALIZED
                  00006a00    00000020     F2806x_GlobalVariableDefs.obj (ECap1RegsFile)

ECap2RegsFile 
*          1    00006a20    00000020     UNINITIALIZED
                  00006a20    00000020     F2806x_GlobalVariableDefs.obj (ECap2RegsFile)

ECap3RegsFile 
*          1    00006a40    00000020     UNINITIALIZED
                  00006a40    00000020     F2806x_GlobalVariableDefs.obj (ECap3RegsFile)

HRCap1RegsFile 
*          1    00006ac0    00000020     UNINITIALIZED
                  00006ac0    00000020     F2806x_GlobalVariableDefs.obj (HRCap1RegsFile)

HRCap2RegsFile 
*          1    00006ae0    00000020     UNINITIALIZED
                  00006ae0    00000020     F2806x_GlobalVariableDefs.obj (HRCap2RegsFile)

EQep1RegsFile 
*          1    00006b00    00000022     UNINITIALIZED
                  00006b00    00000022     F2806x_GlobalVariableDefs.obj (EQep1RegsFile)

EQep2RegsFile 
*          1    00006b40    00000022     UNINITIALIZED
                  00006b40    00000022     F2806x_GlobalVariableDefs.obj (EQep2RegsFile)

HRCap3RegsFile 
*          1    00006c80    00000020     UNINITIALIZED
                  00006c80    00000020     F2806x_GlobalVariableDefs.obj (HRCap3RegsFile)

HRCap4RegsFile 
*          1    00006ca0    00000020     UNINITIALIZED
                  00006ca0    00000020     F2806x_GlobalVariableDefs.obj (HRCap4RegsFile)

GpioCtrlRegsFile 
*          1    00006f80    00000040     UNINITIALIZED
                  00006f80    00000040     F2806x_GlobalVariableDefs.obj (GpioCtrlRegsFile)

GpioDataRegsFile 
*          1    00006fc0    00000020     UNINITIALIZED
                  00006fc0    00000020     F2806x_GlobalVariableDefs.obj (GpioDataRegsFile)

GpioIntRegsFile 
*          1    00006fe0    00000020     UNINITIALIZED
                  00006fe0    00000020     F2806x_GlobalVariableDefs.obj (GpioIntRegsFile)

SysCtrlRegsFile 
*          1    00007010    00000030     UNINITIALIZED
                  00007010    00000030     F2806x_GlobalVariableDefs.obj (SysCtrlRegsFile)

SpiaRegsFile 
*          1    00007040    00000010     UNINITIALIZED
                  00007040    00000010     F2806x_GlobalVariableDefs.obj (SpiaRegsFile)

SciaRegsFile 
*          1    00007050    00000010     UNINITIALIZED
                  00007050    00000010     F2806x_GlobalVariableDefs.obj (SciaRegsFile)

NmiIntruptRegsFile 
*          1    00007060    00000010     UNINITIALIZED
                  00007060    00000010     F2806x_GlobalVariableDefs.obj (NmiIntruptRegsFile)

XIntruptRegsFile 
*          1    00007070    00000010     UNINITIALIZED
                  00007070    00000010     F2806x_GlobalVariableDefs.obj (XIntruptRegsFile)

AdcRegsFile 
*          1    00007100    00000050     UNINITIALIZED
                  00007100    00000050     F2806x_GlobalVariableDefs.obj (AdcRegsFile)

SpibRegsFile 
*          1    00007740    00000010     UNINITIALIZED
                  00007740    00000010     F2806x_GlobalVariableDefs.obj (SpibRegsFile)

ScibRegsFile 
*          1    00007750    00000010     UNINITIALIZED
                  00007750    00000010     F2806x_GlobalVariableDefs.obj (ScibRegsFile)

I2caRegsFile 
*          1    00007900    00000022     UNINITIALIZED
                  00007900    00000022     F2806x_GlobalVariableDefs.obj (I2caRegsFile)

PartIdRegsFile 
*          1    003d7e80    00000001     UNINITIALIZED
                  003d7e80    00000001     F2806x_GlobalVariableDefs.obj (PartIdRegsFile)

CsmPwlFile 
*          1    003f7ff8    00000008     UNINITIALIZED
                  003f7ff8    00000008     F2806x_GlobalVariableDefs.obj (CsmPwlFile)

MODULE SUMMARY

       Module                          code   initialized data   uninitialized data
       ------                          ----   ----------------   ------------------
    .\
       F2806x_GlobalVariableDefs.obj   0      0                  3550              
       proj08.obj                      1486   39                 156               
       F2806x_DefaultIsr.obj           923    0                  0                 
       F2806x_SysCtrl.obj              402    0                  0                 
       F2806x_PieVect.obj              38     256                0                 
       F2806x_EPwm.obj                 216    0                  0                 
       F2806x_PieCtrl.obj              40     0                  0                 
       F2806x_CpuTimers.obj            0      0                  24                
       F2806x_CodeStartBranch.obj      10     0                  0                 
       F2806x_usDelay.obj              8      0                  0                 
       sci_io.obj                      0      4                  1                 
    +--+-------------------------------+------+------------------+--------------------+
       Total:                          3123   299                3731              
                                                                                   
    C:/ti/ccs1110/ccs/tools/compiler/ti-cgt-c2000_21.6.0.LTS/lib/rts2800_fpu32.lib
       fs_div28.asm.obj                136    0                  0                 
       s_cosf.c.obj                    99     0                  0                 
       s_sinf.c.obj                    89     0                  0                 
       boot28.asm.obj                  86     0                  0                 
       exit.c.obj                      41     14                 6                 
       cpy_tbl.c.obj                   36     0                  0                 
       memcpy.c.obj                    29     0                  0                 
       _lock.c.obj                     9      10                 4                 
       args_main.c.obj                 18     0                  0                 
       pre_init.c.obj                  2      0                  0                 
       startup.c.obj                   1      0                  0                 
    +--+-------------------------------+------+------------------+--------------------+
       Total:                          546    24                 10                
                                                                                   
       Stack:                          0      0                  512               
    +--+-------------------------------+------+------------------+--------------------+
       Grand Total:                    3669   323                4253              


GLOBAL DATA SYMBOLS: SORTED BY DATA PAGE

address     data page           name
--------    ----------------    ----
00000050       1 (00000040)     __stack

00000880      22 (00000880)     _DevEmuRegs

00000985      26 (00000980)     _SysPwrCtrlRegs

00000a80      2a (00000a80)     _FlashRegs

00000ae0      2b (00000ac0)     _CsmRegs

00000b00      2c (00000b00)     _AdcResult

00000c00      30 (00000c00)     _CpuTimer0Regs
00000c08      30 (00000c00)     _CpuTimer1Regs
00000c10      30 (00000c00)     _CpuTimer2Regs

00000ce0      33 (00000cc0)     _PieCtrlRegs

00000d00      34 (00000d00)     _EmuKey
00000d00      34 (00000d00)     _PieVectTable
00000d01      34 (00000d00)     _EmuBMode
00000d02      34 (00000d00)     _Flash_CallbackPtr
00000d04      34 (00000d00)     _Flash_CPUScaleFactor

00001000      40 (00001000)     _DmaRegs

00001400      50 (00001400)     _Cla1Regs

00004000     100 (00004000)     _Usb0Regs

00005000     140 (00005000)     _McbspaRegs

00006000     180 (00006000)     _ECanaRegs

00006040     181 (00006040)     _ECanaLAMRegs

00006080     182 (00006080)     _ECanaMOTSRegs

000060c0     183 (000060c0)     _ECanaMOTORegs

00006100     184 (00006100)     _ECanaMboxes

00006400     190 (00006400)     _Comp1Regs
00006420     190 (00006400)     _Comp2Regs

00006440     191 (00006440)     _Comp3Regs

00006800     1a0 (00006800)     _EPwm1Regs

00006840     1a1 (00006840)     _EPwm2Regs

00006880     1a2 (00006880)     _EPwm3Regs

000068c0     1a3 (000068c0)     _EPwm4Regs

00006900     1a4 (00006900)     _EPwm5Regs

00006940     1a5 (00006940)     _EPwm6Regs

00006980     1a6 (00006980)     _EPwm7Regs

000069c0     1a7 (000069c0)     _EPwm8Regs

00006a00     1a8 (00006a00)     _ECap1Regs
00006a20     1a8 (00006a00)     _ECap2Regs

00006a40     1a9 (00006a40)     _ECap3Regs

00006ac0     1ab (00006ac0)     _HRCap1Regs
00006ae0     1ab (00006ac0)     _HRCap2Regs

00006b00     1ac (00006b00)     _EQep1Regs

00006b40     1ad (00006b40)     _EQep2Regs

00006c80     1b2 (00006c80)     _HRCap3Regs
00006ca0     1b2 (00006c80)     _HRCap4Regs

00006f80     1be (00006f80)     _GpioCtrlRegs

00006fc0     1bf (00006fc0)     _GpioDataRegs
00006fe0     1bf (00006fc0)     _GpioIntRegs

00007010     1c0 (00007000)     _SysCtrlRegs

00007040     1c1 (00007040)     _SpiaRegs
00007050     1c1 (00007040)     _SciaRegs
00007060     1c1 (00007040)     _NmiIntruptRegs
00007070     1c1 (00007040)     _XIntruptRegs

00007100     1c4 (00007100)     _AdcRegs

00007740     1dd (00007740)     _SpibRegs
00007750     1dd (00007740)     _ScibRegs

00007900     1e4 (00007900)     _I2caRegs

0000a000     280 (0000a000)     _w
0000a001     280 (0000a000)     _switch_1
0000a002     280 (0000a000)     _sector
0000a003     280 (0000a000)     _N
0000a004     280 (0000a000)     _sa
0000a005     280 (0000a000)     _sb
0000a006     280 (0000a000)     _sc
0000a007     280 (0000a000)     _ss
0000a008     280 (0000a000)     _count
0000a00a     280 (0000a000)     _ref
0000a00c     280 (0000a000)     _ref2
0000a00e     280 (0000a000)     _fun_amp
0000a010     280 (0000a000)     _Wq
0000a012     280 (0000a000)     _Wc
0000a014     280 (0000a000)     _Ts
0000a016     280 (0000a000)     _a_gain
0000a018     280 (0000a000)     _c_gain
0000a01a     280 (0000a000)     _ADCINTvalue
0000a01c     280 (0000a000)     _ADCOUTvalue
0000a01e     280 (0000a000)     _i_der
0000a020     280 (0000a000)     _i_de
0000a022     280 (0000a000)     _i_me
0000a024     280 (0000a000)     _i_de2
0000a026     280 (0000a000)     _i_me2
0000a028     280 (0000a000)     _i_me3
0000a02a     280 (0000a000)     _i_q
0000a02c     280 (0000a000)     _i_qq
0000a02e     280 (0000a000)     _error
0000a030     280 (0000a000)     _error_pre
0000a032     280 (0000a000)     _error_sum
0000a034     280 (0000a000)     _Kv
0000a036     280 (0000a000)     _Kp
0000a038     280 (0000a000)     _Ki
0000a03a     280 (0000a000)     _T
0000a03c     280 (0000a000)     _Umax
0000a03e     280 (0000a000)     _Umin

0000a040     281 (0000a040)     _p_control
0000a042     281 (0000a040)     _i_control
0000a044     281 (0000a040)     _Ta
0000a046     281 (0000a040)     _Tb
0000a048     281 (0000a040)     _Tc
0000a04a     281 (0000a040)     _F
0000a04c     281 (0000a040)     _va
0000a04e     281 (0000a040)     _vb
0000a050     281 (0000a040)     _i
0000a052     281 (0000a040)     _j
0000a054     281 (0000a040)     _k
0000a056     281 (0000a040)     _ccc
0000a058     281 (0000a040)     _co_in
0000a05a     281 (0000a040)     _rad_f
0000a05c     281 (0000a040)     _rad_t
0000a05e     281 (0000a040)     _rad_s
0000a060     281 (0000a040)     _rad
0000a062     281 (0000a040)     _angle
0000a064     281 (0000a040)     _input_fun
0000a066     281 (0000a040)     _theta
0000a068     281 (0000a040)     _theta_in
0000a06a     281 (0000a040)     _f
0000a06c     281 (0000a040)     _co
0000a06e     281 (0000a040)     _si
0000a070     281 (0000a040)     _Fa
0000a072     281 (0000a040)     _Fb
0000a074     281 (0000a040)     _fs_pwm
0000a076     281 (0000a040)     _Ts_pwm
0000a078     281 (0000a040)     _pulse
0000a07a     281 (0000a040)     _Da
0000a07c     281 (0000a040)     _Db
0000a07e     281 (0000a040)     _Dc

0000a080     282 (0000a080)     _ct
0000a082     282 (0000a080)     _ta1
0000a084     282 (0000a080)     _ta2
0000a086     282 (0000a080)     _tb1
0000a088     282 (0000a080)     _tb2
0000a08a     282 (0000a080)     _tc1
0000a08c     282 (0000a080)     _tc2
0000a08e     282 (0000a080)     _CpuTimer0
0000a096     282 (0000a080)     _CpuTimer1
0000a09e     282 (0000a080)     _CpuTimer2
0000a0ac     282 (0000a080)     ___TI_enable_exit_profile_output
0000a0ae     282 (0000a080)     ___TI_cleanup_ptr
0000a0b0     282 (0000a080)     ___TI_dtors_ptr
0000a0b2     282 (0000a080)     _u
0000a0b6     282 (0000a080)     _y
0000a0ba     282 (0000a080)     __lock
0000a0bc     282 (0000a080)     __unlock
0000a0be     282 (0000a080)     _deviceOpen

003d7e80    f5fa (003d7e80)     _PartIdRegs

003f4e4c    fd39 (003f4e40)     _PieVectTableInit

003f7ff8    fdff (003f7fc0)     _CsmPwl


GLOBAL SYMBOLS: SORTED ALPHABETICALLY BY Name 

page  address   name                            
----  -------   ----                            
0     003f4000  .text                           
0     003f4d6d  C$$EXIT                         
0     003f4bd3  FS$$DIV                         
0     003f45ae  _ADCINT1_ISR                    
0     003f45b8  _ADCINT2_ISR                    
0     003f47c0  _ADCINT3_ISR                    
0     003f47ca  _ADCINT4_ISR                    
0     003f47d4  _ADCINT5_ISR                    
0     003f47de  _ADCINT6_ISR                    
0     003f47e8  _ADCINT7_ISR                    
0     003f47f2  _ADCINT8_ISR                    
0     003f45d6  _ADCINT9_ISR                    
1     0000a01a  _ADCINTvalue                    
1     0000a01c  _ADCOUTvalue                    
1     00007100  _AdcRegs                        
1     00000b00  _AdcResult                      
0     003f47fc  _CLA1_INT1_ISR                  
0     003f4806  _CLA1_INT2_ISR                  
0     003f4810  _CLA1_INT3_ISR                  
0     003f481a  _CLA1_INT4_ISR                  
0     003f4824  _CLA1_INT5_ISR                  
0     003f482e  _CLA1_INT6_ISR                  
0     003f4838  _CLA1_INT7_ISR                  
0     003f4842  _CLA1_INT8_ISR                  
1     00001400  _Cla1Regs                       
1     00006400  _Comp1Regs                      
1     00006420  _Comp2Regs                      
1     00006440  _Comp3Regs                      
1     0000a08e  _CpuTimer0                      
1     00000c00  _CpuTimer0Regs                  
1     0000a096  _CpuTimer1                      
1     00000c08  _CpuTimer1Regs                  
1     0000a09e  _CpuTimer2                      
1     00000c10  _CpuTimer2Regs                  
1     003f7ff8  _CsmPwl                         
1     00000ae0  _CsmRegs                        
0     003f4990  _CsmUnlock                      
0     003f4504  _DATALOG_ISR                    
0     003f4734  _DINTCH1_ISR                    
0     003f473e  _DINTCH2_ISR                    
0     003f4748  _DINTCH3_ISR                    
0     003f4752  _DINTCH4_ISR                    
0     003f475c  _DINTCH5_ISR                    
0     003f4766  _DINTCH6_ISR                    
0     00008000  _DSP28x_usDelay                 
1     0000a07a  _Da                             
1     0000a07c  _Db                             
1     0000a07e  _Dc                             
1     00000880  _DevEmuRegs                     
0     003f48af  _DisableDog                     
1     00001000  _DmaRegs                        
0     003f47ac  _ECAN0INTA_ISR                  
0     003f47b6  _ECAN1INTA_ISR                  
0     003f4694  _ECAP1_INT_ISR                  
0     003f469e  _ECAP2_INT_ISR                  
0     003f46a8  _ECAP3_INT_ISR                  
1     00006040  _ECanaLAMRegs                   
1     000060c0  _ECanaMOTORegs                  
1     00006080  _ECanaMOTSRegs                  
1     00006100  _ECanaMboxes                    
1     00006000  _ECanaRegs                      
1     00006a00  _ECap1Regs                      
1     00006a20  _ECap2Regs                      
1     00006a40  _ECap3Regs                      
0     003f486a  _EMPTY_ISR                      
0     003f4518  _EMUINT_ISR                     
0     003f4644  _EPWM1_INT_ISR                  
0     003f45f4  _EPWM1_TZINT_ISR                
0     003f464e  _EPWM2_INT_ISR                  
0     003f45fe  _EPWM2_TZINT_ISR                
0     003f4658  _EPWM3_INT_ISR                  
0     003f4608  _EPWM3_TZINT_ISR                
0     003f4662  _EPWM4_INT_ISR                  
0     003f4612  _EPWM4_TZINT_ISR                
0     003f466c  _EPWM5_INT_ISR                  
0     003f461c  _EPWM5_TZINT_ISR                
0     003f4676  _EPWM6_INT_ISR                  
0     003f4626  _EPWM6_TZINT_ISR                
0     003f4680  _EPWM7_INT_ISR                  
0     003f4630  _EPWM7_TZINT_ISR                
0     003f468a  _EPWM8_INT_ISR                  
0     003f463a  _EPWM8_TZINT_ISR                
1     00006800  _EPwm1Regs                      
1     00006840  _EPwm2Regs                      
1     00006880  _EPwm3Regs                      
1     000068c0  _EPwm4Regs                      
1     00006900  _EPwm5Regs                      
1     00006940  _EPwm6Regs                      
1     00006980  _EPwm7Regs                      
1     000069c0  _EPwm8Regs                      
0     003f46c6  _EQEP1_INT_ISR                  
0     003f46d0  _EQEP2_INT_ISR                  
1     00006b00  _EQep1Regs                      
1     00006b40  _EQep2Regs                      
1     00000d01  _EmuBMode                       
1     00000d00  _EmuKey                         
0     003f4db5  _EnableInterrupts               
0     003f4a07  _ExtOscSel                      
1     0000a04a  _F                              
1     0000a070  _Fa                             
1     0000a072  _Fb                             
1     00000a80  _FlashRegs                      
1     00000d04  _Flash_CPUScaleFactor           
1     00000d02  _Flash_CallbackPtr              
1     00006f80  _GpioCtrlRegs                   
1     00006fc0  _GpioDataRegs                   
1     00006fe0  _GpioIntRegs                    
0     003f46b2  _HRCAP1_INT_ISR                 
0     003f46bc  _HRCAP2_INT_ISR                 
0     003f46da  _HRCAP3_INT_ISR                 
0     003f46e4  _HRCAP4_INT_ISR                 
1     00006ac0  _HRCap1Regs                     
1     00006ae0  _HRCap2Regs                     
1     00006c80  _HRCap3Regs                     
1     00006ca0  _HRCap4Regs                     
0     003f4770  _I2CINT1A_ISR                   
0     003f477a  _I2CINT2A_ISR                   
1     00007900  _I2caRegs                       
0     003f452c  _ILLEGAL_ISR                    
0     003f44f0  _INT13_ISR                      
0     003f44fa  _INT14_ISR                      
0     003f4afb  _InitEPwm                       
0     003f4b0d  _InitEPwm1Gpio                  
0     003f4b1f  _InitEPwm2Gpio                  
0     003f4b31  _InitEPwm3Gpio                  
0     003f4b45  _InitEPwm4Gpio                  
0     003f4b59  _InitEPwm5Gpio                  
0     003f4b6b  _InitEPwm6Gpio                  
0     003f4b7d  _InitEPwm7Gpio                  
0     003f4b8f  _InitEPwm8Gpio                  
0     003f4afc  _InitEPwmGpio                   
0     003f4ba1  _InitEPwmSyncGpio               
0     003f493a  _InitPeripheralClocks           
0     003f4d96  _InitPieCtrl                    
0     003f4dbe  _InitPieVectTable               
0     003f48b7  _InitPll                        
0     003f490c  _InitPll2                       
0     003f488b  _InitSysCtrl                    
0     003f4bb2  _InitTzGpio                     
0     003f49c1  _IntOsc1Sel                     
0     003f49d1  _IntOsc2Sel                     
1     0000a038  _Ki                             
1     0000a036  _Kp                             
1     0000a034  _Kv                             
0     003f4860  _LUF_ISR                        
0     003f4856  _LVF_ISR                        
0     003f4720  _MRINTA_ISR                     
0     003f472a  _MXINTA_ISR                     
1     00005000  _McbspaRegs                     
1     0000a003  _N                              
0     003f4522  _NMI_ISR                        
1     00007060  _NmiIntruptRegs                 
0     003f4877  _PIE_RESERVED                   
1     003d7e80  _PartIdRegs                     
1     00000ce0  _PieCtrlRegs                    
1     00000d00  _PieVectTable                   
0     003f4e4c  _PieVectTableInit               
0     003f450e  _RTOSINT_ISR                    
0     003e8004  _RamfuncsLoadEnd                
abs   00000004  _RamfuncsLoadSize               
0     003e8000  _RamfuncsLoadStart              
0     00008000  _RamfuncsRunStart               
0     003f4784  _SCIRXINTA_ISR                  
0     003f4798  _SCIRXINTB_ISR                  
0     003f478e  _SCITXINTA_ISR                  
0     003f47a2  _SCITXINTB_ISR                  
0     003f46f8  _SPIRXINTA_ISR                  
0     003f470c  _SPIRXINTB_ISR                  
0     003f4702  _SPITXINTA_ISR                  
0     003f4716  _SPITXINTB_ISR                  
1     00007050  _SciaRegs                       
1     00007750  _ScibRegs                       
0     003f48a5  _ServiceDog                     
1     00007040  _SpiaRegs                       
1     00007740  _SpibRegs                       
1     00007010  _SysCtrlRegs                    
1     00000985  _SysPwrCtrlRegs                 
1     0000a03a  _T                              
0     003f45e0  _TINT0_ISR                      
1     0000a044  _Ta                             
1     0000a046  _Tb                             
1     0000a048  _Tc                             
1     0000a014  _Ts                             
1     0000a076  _Ts_pwm                         
0     003f46ee  _USB0_INT_ISR                   
0     003f4590  _USER10_ISR                     
0     003f459a  _USER11_ISR                     
0     003f45a4  _USER12_ISR                     
0     003f4536  _USER1_ISR                      
0     003f4540  _USER2_ISR                      
0     003f454a  _USER3_ISR                      
0     003f4554  _USER4_ISR                      
0     003f455e  _USER5_ISR                      
0     003f4568  _USER6_ISR                      
0     003f4572  _USER7_ISR                      
0     003f457c  _USER8_ISR                      
0     003f4586  _USER9_ISR                      
1     0000a03c  _Umax                           
1     0000a03e  _Umin                           
1     00004000  _Usb0Regs                       
0     003f45ea  _WAKEINT_ISR                    
1     0000a012  _Wc                             
1     0000a010  _Wq                             
0     003f45c2  _XINT1_ISR                      
0     003f45cc  _XINT2_ISR                      
0     003f484c  _XINT3_ISR                      
1     00007070  _XIntruptRegs                   
0     003f49eb  _XtalOscSel                     
1     00000250  __STACK_END                     
abs   00000200  __STACK_SIZE                    
1     0000a0ae  ___TI_cleanup_ptr               
1     0000a0b0  ___TI_dtors_ptr                 
1     0000a0ac  ___TI_enable_exit_profile_output
abs   ffffffff  ___TI_pprof_out_hndl            
abs   ffffffff  ___TI_prof_data_size            
abs   ffffffff  ___TI_prof_data_start           
abs   ffffffff  ___binit__                      
abs   ffffffff  ___c_args__                     
0     003f4f4c  ___cinit__                      
0     003f4e4b  ___etext__                      
abs   ffffffff  ___pinit__                      
0     003f4000  ___text__                       
0     003f4e25  __args_main                     
1     0000a0ba  __lock                          
0     003f4e3f  __nop                           
0     003f4e3b  __register_lock                 
0     003f4e37  __register_unlock               
1     00000050  __stack                         
0     003f4e4a  __system_post_cinit             
0     003f4e48  __system_pre_init               
1     0000a0bc  __unlock                        
1     0000a016  _a_gain                         
0     003f4d6d  _abort                          
0     003f4a1d  _adc1_isr                       
1     0000a062  _angle                          
1     0000a018  _c_gain                         
0     003f4d17  _c_int00                        
1     0000a056  _ccc                            
1     0000a06c  _co                             
1     0000a058  _co_in                          
0     003f437f  _configureADC                   
0     003f43d8  _configureEPWM                  
0     003f4de4  _copy_in                        
0     003f4c5b  _cos                            
0     003f4c5b  _cosf                           
1     0000a008  _count                          
1     0000a080  _ct                             
1     0000a0be  _deviceOpen                     
0     003f4a32  _epwm4_isr                      
0     003f4a67  _epwm5_isr                      
0     003f4a9c  _epwm6_isr                      
0     003f4ad1  _epwm7_isr                      
0     003f4ae6  _epwm8_isr                      
1     0000a02e  _error                          
1     0000a030  _error_pre                      
1     0000a032  _error_sum                      
0     003f4d6f  _exit                           
1     0000a06a  _f                              
1     0000a074  _fs_pwm                         
1     0000a00e  _fun_amp                        
1     0000a050  _i                              
1     0000a042  _i_control                      
1     0000a020  _i_de                           
1     0000a024  _i_de2                          
1     0000a01e  _i_der                          
1     0000a022  _i_me                           
1     0000a026  _i_me2                          
1     0000a028  _i_me3                          
1     0000a02a  _i_q                            
1     0000a02c  _i_qq                           
0     003f43ef  _initEPWM4                      
0     003f4422  _initEPWM5                      
0     003f4455  _initEPWM6                      
0     003f4488  _initEPWM7                      
0     003f44bc  _initEPWM8                      
0     003f4162  _initsvpwm_duty                 
1     0000a064  _input_fun                      
1     0000a052  _j                              
1     0000a054  _k                              
0     003f4000  _main                           
0     003f4e08  _memcpy                         
1     0000a040  _p_control                      
1     0000a078  _pulse                          
1     0000a060  _rad                            
1     0000a05a  _rad_f                          
1     0000a05e  _rad_s                          
1     0000a05c  _rad_t                          
1     0000a00a  _ref                            
1     0000a00c  _ref2                           
0     003f4881  _rsvd_ISR                       
1     0000a004  _sa                             
1     0000a005  _sb                             
1     0000a006  _sc                             
1     0000a002  _sector                         
1     0000a06e  _si                             
0     003f4cbe  _sin                            
0     003f4cbe  _sinf                           
1     0000a007  _ss                             
1     0000a001  _switch_1                       
1     0000a082  _ta1                            
1     0000a084  _ta2                            
1     0000a086  _tb1                            
1     0000a088  _tb2                            
1     0000a08a  _tc1                            
1     0000a08c  _tc2                            
1     0000a066  _theta                          
1     0000a068  _theta_in                       
1     0000a0b2  _u                              
0     003f4211  _uvw_duty                       
1     0000a04c  _va                             
1     0000a04e  _vb                             
1     0000a000  _w                              
1     0000a0b6  _y                              
abs   ffffffff  binit                           
0     003f4f4c  cinit                           
0     003f7ff6  code_start                      
0     003f4e4b  etext                           
abs   ffffffff  pinit                           


GLOBAL SYMBOLS: SORTED BY Symbol Address 

page  address   name                            
----  -------   ----                            
0     00008000  _DSP28x_usDelay                 
0     00008000  _RamfuncsRunStart               
0     003e8000  _RamfuncsLoadStart              
0     003e8004  _RamfuncsLoadEnd                
0     003f4000  .text                           
0     003f4000  ___text__                       
0     003f4000  _main                           
0     003f4162  _initsvpwm_duty                 
0     003f4211  _uvw_duty                       
0     003f437f  _configureADC                   
0     003f43d8  _configureEPWM                  
0     003f43ef  _initEPWM4                      
0     003f4422  _initEPWM5                      
0     003f4455  _initEPWM6                      
0     003f4488  _initEPWM7                      
0     003f44bc  _initEPWM8                      
0     003f44f0  _INT13_ISR                      
0     003f44fa  _INT14_ISR                      
0     003f4504  _DATALOG_ISR                    
0     003f450e  _RTOSINT_ISR                    
0     003f4518  _EMUINT_ISR                     
0     003f4522  _NMI_ISR                        
0     003f452c  _ILLEGAL_ISR                    
0     003f4536  _USER1_ISR                      
0     003f4540  _USER2_ISR                      
0     003f454a  _USER3_ISR                      
0     003f4554  _USER4_ISR                      
0     003f455e  _USER5_ISR                      
0     003f4568  _USER6_ISR                      
0     003f4572  _USER7_ISR                      
0     003f457c  _USER8_ISR                      
0     003f4586  _USER9_ISR                      
0     003f4590  _USER10_ISR                     
0     003f459a  _USER11_ISR                     
0     003f45a4  _USER12_ISR                     
0     003f45ae  _ADCINT1_ISR                    
0     003f45b8  _ADCINT2_ISR                    
0     003f45c2  _XINT1_ISR                      
0     003f45cc  _XINT2_ISR                      
0     003f45d6  _ADCINT9_ISR                    
0     003f45e0  _TINT0_ISR                      
0     003f45ea  _WAKEINT_ISR                    
0     003f45f4  _EPWM1_TZINT_ISR                
0     003f45fe  _EPWM2_TZINT_ISR                
0     003f4608  _EPWM3_TZINT_ISR                
0     003f4612  _EPWM4_TZINT_ISR                
0     003f461c  _EPWM5_TZINT_ISR                
0     003f4626  _EPWM6_TZINT_ISR                
0     003f4630  _EPWM7_TZINT_ISR                
0     003f463a  _EPWM8_TZINT_ISR                
0     003f4644  _EPWM1_INT_ISR                  
0     003f464e  _EPWM2_INT_ISR                  
0     003f4658  _EPWM3_INT_ISR                  
0     003f4662  _EPWM4_INT_ISR                  
0     003f466c  _EPWM5_INT_ISR                  
0     003f4676  _EPWM6_INT_ISR                  
0     003f4680  _EPWM7_INT_ISR                  
0     003f468a  _EPWM8_INT_ISR                  
0     003f4694  _ECAP1_INT_ISR                  
0     003f469e  _ECAP2_INT_ISR                  
0     003f46a8  _ECAP3_INT_ISR                  
0     003f46b2  _HRCAP1_INT_ISR                 
0     003f46bc  _HRCAP2_INT_ISR                 
0     003f46c6  _EQEP1_INT_ISR                  
0     003f46d0  _EQEP2_INT_ISR                  
0     003f46da  _HRCAP3_INT_ISR                 
0     003f46e4  _HRCAP4_INT_ISR                 
0     003f46ee  _USB0_INT_ISR                   
0     003f46f8  _SPIRXINTA_ISR                  
0     003f4702  _SPITXINTA_ISR                  
0     003f470c  _SPIRXINTB_ISR                  
0     003f4716  _SPITXINTB_ISR                  
0     003f4720  _MRINTA_ISR                     
0     003f472a  _MXINTA_ISR                     
0     003f4734  _DINTCH1_ISR                    
0     003f473e  _DINTCH2_ISR                    
0     003f4748  _DINTCH3_ISR                    
0     003f4752  _DINTCH4_ISR                    
0     003f475c  _DINTCH5_ISR                    
0     003f4766  _DINTCH6_ISR                    
0     003f4770  _I2CINT1A_ISR                   
0     003f477a  _I2CINT2A_ISR                   
0     003f4784  _SCIRXINTA_ISR                  
0     003f478e  _SCITXINTA_ISR                  
0     003f4798  _SCIRXINTB_ISR                  
0     003f47a2  _SCITXINTB_ISR                  
0     003f47ac  _ECAN0INTA_ISR                  
0     003f47b6  _ECAN1INTA_ISR                  
0     003f47c0  _ADCINT3_ISR                    
0     003f47ca  _ADCINT4_ISR                    
0     003f47d4  _ADCINT5_ISR                    
0     003f47de  _ADCINT6_ISR                    
0     003f47e8  _ADCINT7_ISR                    
0     003f47f2  _ADCINT8_ISR                    
0     003f47fc  _CLA1_INT1_ISR                  
0     003f4806  _CLA1_INT2_ISR                  
0     003f4810  _CLA1_INT3_ISR                  
0     003f481a  _CLA1_INT4_ISR                  
0     003f4824  _CLA1_INT5_ISR                  
0     003f482e  _CLA1_INT6_ISR                  
0     003f4838  _CLA1_INT7_ISR                  
0     003f4842  _CLA1_INT8_ISR                  
0     003f484c  _XINT3_ISR                      
0     003f4856  _LVF_ISR                        
0     003f4860  _LUF_ISR                        
0     003f486a  _EMPTY_ISR                      
0     003f4877  _PIE_RESERVED                   
0     003f4881  _rsvd_ISR                       
0     003f488b  _InitSysCtrl                    
0     003f48a5  _ServiceDog                     
0     003f48af  _DisableDog                     
0     003f48b7  _InitPll                        
0     003f490c  _InitPll2                       
0     003f493a  _InitPeripheralClocks           
0     003f4990  _CsmUnlock                      
0     003f49c1  _IntOsc1Sel                     
0     003f49d1  _IntOsc2Sel                     
0     003f49eb  _XtalOscSel                     
0     003f4a07  _ExtOscSel                      
0     003f4a1d  _adc1_isr                       
0     003f4a32  _epwm4_isr                      
0     003f4a67  _epwm5_isr                      
0     003f4a9c  _epwm6_isr                      
0     003f4ad1  _epwm7_isr                      
0     003f4ae6  _epwm8_isr                      
0     003f4afb  _InitEPwm                       
0     003f4afc  _InitEPwmGpio                   
0     003f4b0d  _InitEPwm1Gpio                  
0     003f4b1f  _InitEPwm2Gpio                  
0     003f4b31  _InitEPwm3Gpio                  
0     003f4b45  _InitEPwm4Gpio                  
0     003f4b59  _InitEPwm5Gpio                  
0     003f4b6b  _InitEPwm6Gpio                  
0     003f4b7d  _InitEPwm7Gpio                  
0     003f4b8f  _InitEPwm8Gpio                  
0     003f4ba1  _InitEPwmSyncGpio               
0     003f4bb2  _InitTzGpio                     
0     003f4bd3  FS$$DIV                         
0     003f4c5b  _cos                            
0     003f4c5b  _cosf                           
0     003f4cbe  _sin                            
0     003f4cbe  _sinf                           
0     003f4d17  _c_int00                        
0     003f4d6d  C$$EXIT                         
0     003f4d6d  _abort                          
0     003f4d6f  _exit                           
0     003f4d96  _InitPieCtrl                    
0     003f4db5  _EnableInterrupts               
0     003f4dbe  _InitPieVectTable               
0     003f4de4  _copy_in                        
0     003f4e08  _memcpy                         
0     003f4e25  __args_main                     
0     003f4e37  __register_unlock               
0     003f4e3b  __register_lock                 
0     003f4e3f  __nop                           
0     003f4e48  __system_pre_init               
0     003f4e4a  __system_post_cinit             
0     003f4e4b  ___etext__                      
0     003f4e4b  etext                           
0     003f4e4c  _PieVectTableInit               
0     003f4f4c  ___cinit__                      
0     003f4f4c  cinit                           
0     003f7ff6  code_start                      
1     00000050  __stack                         
1     00000250  __STACK_END                     
1     00000880  _DevEmuRegs                     
1     00000985  _SysPwrCtrlRegs                 
1     00000a80  _FlashRegs                      
1     00000ae0  _CsmRegs                        
1     00000b00  _AdcResult                      
1     00000c00  _CpuTimer0Regs                  
1     00000c08  _CpuTimer1Regs                  
1     00000c10  _CpuTimer2Regs                  
1     00000ce0  _PieCtrlRegs                    
1     00000d00  _EmuKey                         
1     00000d00  _PieVectTable                   
1     00000d01  _EmuBMode                       
1     00000d02  _Flash_CallbackPtr              
1     00000d04  _Flash_CPUScaleFactor           
1     00001000  _DmaRegs                        
1     00001400  _Cla1Regs                       
1     00004000  _Usb0Regs                       
1     00005000  _McbspaRegs                     
1     00006000  _ECanaRegs                      
1     00006040  _ECanaLAMRegs                   
1     00006080  _ECanaMOTSRegs                  
1     000060c0  _ECanaMOTORegs                  
1     00006100  _ECanaMboxes                    
1     00006400  _Comp1Regs                      
1     00006420  _Comp2Regs                      
1     00006440  _Comp3Regs                      
1     00006800  _EPwm1Regs                      
1     00006840  _EPwm2Regs                      
1     00006880  _EPwm3Regs                      
1     000068c0  _EPwm4Regs                      
1     00006900  _EPwm5Regs                      
1     00006940  _EPwm6Regs                      
1     00006980  _EPwm7Regs                      
1     000069c0  _EPwm8Regs                      
1     00006a00  _ECap1Regs                      
1     00006a20  _ECap2Regs                      
1     00006a40  _ECap3Regs                      
1     00006ac0  _HRCap1Regs                     
1     00006ae0  _HRCap2Regs                     
1     00006b00  _EQep1Regs                      
1     00006b40  _EQep2Regs                      
1     00006c80  _HRCap3Regs                     
1     00006ca0  _HRCap4Regs                     
1     00006f80  _GpioCtrlRegs                   
1     00006fc0  _GpioDataRegs                   
1     00006fe0  _GpioIntRegs                    
1     00007010  _SysCtrlRegs                    
1     00007040  _SpiaRegs                       
1     00007050  _SciaRegs                       
1     00007060  _NmiIntruptRegs                 
1     00007070  _XIntruptRegs                   
1     00007100  _AdcRegs                        
1     00007740  _SpibRegs                       
1     00007750  _ScibRegs                       
1     00007900  _I2caRegs                       
1     0000a000  _w                              
1     0000a001  _switch_1                       
1     0000a002  _sector                         
1     0000a003  _N                              
1     0000a004  _sa                             
1     0000a005  _sb                             
1     0000a006  _sc                             
1     0000a007  _ss                             
1     0000a008  _count                          
1     0000a00a  _ref                            
1     0000a00c  _ref2                           
1     0000a00e  _fun_amp                        
1     0000a010  _Wq                             
1     0000a012  _Wc                             
1     0000a014  _Ts                             
1     0000a016  _a_gain                         
1     0000a018  _c_gain                         
1     0000a01a  _ADCINTvalue                    
1     0000a01c  _ADCOUTvalue                    
1     0000a01e  _i_der                          
1     0000a020  _i_de                           
1     0000a022  _i_me                           
1     0000a024  _i_de2                          
1     0000a026  _i_me2                          
1     0000a028  _i_me3                          
1     0000a02a  _i_q                            
1     0000a02c  _i_qq                           
1     0000a02e  _error                          
1     0000a030  _error_pre                      
1     0000a032  _error_sum                      
1     0000a034  _Kv                             
1     0000a036  _Kp                             
1     0000a038  _Ki                             
1     0000a03a  _T                              
1     0000a03c  _Umax                           
1     0000a03e  _Umin                           
1     0000a040  _p_control                      
1     0000a042  _i_control                      
1     0000a044  _Ta                             
1     0000a046  _Tb                             
1     0000a048  _Tc                             
1     0000a04a  _F                              
1     0000a04c  _va                             
1     0000a04e  _vb                             
1     0000a050  _i                              
1     0000a052  _j                              
1     0000a054  _k                              
1     0000a056  _ccc                            
1     0000a058  _co_in                          
1     0000a05a  _rad_f                          
1     0000a05c  _rad_t                          
1     0000a05e  _rad_s                          
1     0000a060  _rad                            
1     0000a062  _angle                          
1     0000a064  _input_fun                      
1     0000a066  _theta                          
1     0000a068  _theta_in                       
1     0000a06a  _f                              
1     0000a06c  _co                             
1     0000a06e  _si                             
1     0000a070  _Fa                             
1     0000a072  _Fb                             
1     0000a074  _fs_pwm                         
1     0000a076  _Ts_pwm                         
1     0000a078  _pulse                          
1     0000a07a  _Da                             
1     0000a07c  _Db                             
1     0000a07e  _Dc                             
1     0000a080  _ct                             
1     0000a082  _ta1                            
1     0000a084  _ta2                            
1     0000a086  _tb1                            
1     0000a088  _tb2                            
1     0000a08a  _tc1                            
1     0000a08c  _tc2                            
1     0000a08e  _CpuTimer0                      
1     0000a096  _CpuTimer1                      
1     0000a09e  _CpuTimer2                      
1     0000a0ac  ___TI_enable_exit_profile_output
1     0000a0ae  ___TI_cleanup_ptr               
1     0000a0b0  ___TI_dtors_ptr                 
1     0000a0b2  _u                              
1     0000a0b6  _y                              
1     0000a0ba  __lock                          
1     0000a0bc  __unlock                        
1     0000a0be  _deviceOpen                     
1     003d7e80  _PartIdRegs                     
1     003f7ff8  _CsmPwl                         
abs   00000004  _RamfuncsLoadSize               
abs   00000200  __STACK_SIZE                    
abs   ffffffff  ___TI_pprof_out_hndl            
abs   ffffffff  ___TI_prof_data_size            
abs   ffffffff  ___TI_prof_data_start           
abs   ffffffff  ___binit__                      
abs   ffffffff  ___c_args__                     
abs   ffffffff  ___pinit__                      
abs   ffffffff  binit                           
abs   ffffffff  pinit                           

[318 symbols]
